Component: ARM Compiler 5.06 update 7 (build 960) Tool: armlink [4d3601]

==============================================================================

Section Cross References

    startup_stm32f103x6.o(STACK) refers (Special) to heapauxi.o(.text) for __use_two_region_memory
    startup_stm32f103x6.o(HEAP) refers (Special) to heapauxi.o(.text) for __use_two_region_memory
    startup_stm32f103x6.o(RESET) refers (Special) to heapauxi.o(.text) for __use_two_region_memory
    startup_stm32f103x6.o(RESET) refers to startup_stm32f103x6.o(STACK) for __initial_sp
    startup_stm32f103x6.o(RESET) refers to startup_stm32f103x6.o(.text) for Reset_Handler
    startup_stm32f103x6.o(RESET) refers to stm32f1xx_it.o(i.NMI_Handler) for NMI_Handler
    startup_stm32f103x6.o(RESET) refers to stm32f1xx_it.o(i.HardFault_Handler) for HardFault_Handler
    startup_stm32f103x6.o(RESET) refers to stm32f1xx_it.o(i.MemManage_Handler) for MemManage_Handler
    startup_stm32f103x6.o(RESET) refers to stm32f1xx_it.o(i.BusFault_Handler) for BusFault_Handler
    startup_stm32f103x6.o(RESET) refers to stm32f1xx_it.o(i.UsageFault_Handler) for UsageFault_Handler
    startup_stm32f103x6.o(RESET) refers to stm32f1xx_it.o(i.SVC_Handler) for SVC_Handler
    startup_stm32f103x6.o(RESET) refers to stm32f1xx_it.o(i.DebugMon_Handler) for DebugMon_Handler
    startup_stm32f103x6.o(RESET) refers to stm32f1xx_it.o(i.PendSV_Handler) for PendSV_Handler
    startup_stm32f103x6.o(RESET) refers to stm32f1xx_it.o(i.SysTick_Handler) for SysTick_Handler
    startup_stm32f103x6.o(RESET) refers to stm32f1xx_it.o(i.DMA1_Channel1_IRQHandler) for DMA1_Channel1_IRQHandler
    startup_stm32f103x6.o(RESET) refers to stm32f1xx_it.o(i.ADC1_2_IRQHandler) for ADC1_2_IRQHandler
    startup_stm32f103x6.o(RESET) refers to stm32f1xx_it.o(i.TIM1_BRK_IRQHandler) for TIM1_BRK_IRQHandler
    startup_stm32f103x6.o(RESET) refers to stm32f1xx_it.o(i.TIM1_UP_IRQHandler) for TIM1_UP_IRQHandler
    startup_stm32f103x6.o(RESET) refers to stm32f1xx_it.o(i.TIM1_TRG_COM_IRQHandler) for TIM1_TRG_COM_IRQHandler
    startup_stm32f103x6.o(RESET) refers to stm32f1xx_it.o(i.TIM1_CC_IRQHandler) for TIM1_CC_IRQHandler
    startup_stm32f103x6.o(RESET) refers to stm32f1xx_it.o(i.TIM2_IRQHandler) for TIM2_IRQHandler
    startup_stm32f103x6.o(RESET) refers to stm32f1xx_it.o(i.USART1_IRQHandler) for USART1_IRQHandler
    startup_stm32f103x6.o(RESET) refers to stm32f1xx_it.o(i.EXTI15_10_IRQHandler) for EXTI15_10_IRQHandler
    startup_stm32f103x6.o(.text) refers (Special) to heapauxi.o(.text) for __use_two_region_memory
    startup_stm32f103x6.o(.text) refers to system_stm32f1xx.o(i.SystemInit) for SystemInit
    startup_stm32f103x6.o(.text) refers to __main.o(!!!main) for __main
    startup_stm32f103x6.o(.text) refers to startup_stm32f103x6.o(HEAP) for Heap_Mem
    startup_stm32f103x6.o(.text) refers to startup_stm32f103x6.o(STACK) for Stack_Mem
    lcd.o(i.lcd_char) refers to lcd.o(i.lcd_gotoxy) for lcd_gotoxy
    lcd.o(i.lcd_char) refers to lcd.o(i.lcd_char_cp) for lcd_char_cp
    lcd.o(i.lcd_char_cp) refers to lcd.o(i.lcd_delay) for lcd_delay
    lcd.o(i.lcd_clear) refers to lcd.o(i.lcd_cmd) for lcd_cmd
    lcd.o(i.lcd_clear) refers to stm32f1xx_hal.o(i.HAL_Delay) for HAL_Delay
    lcd.o(i.lcd_cmd) refers to lcd.o(i.lcd_delay) for lcd_delay
    lcd.o(i.lcd_delay) refers to lcd.o(i.Delay) for Delay
    lcd.o(i.lcd_gotoxy) refers to lcd.o(i.lcd_cmd) for lcd_cmd
    lcd.o(i.lcd_init) refers to stm32f1xx_hal.o(i.HAL_Delay) for HAL_Delay
    lcd.o(i.lcd_init) refers to lcd.o(i.lcd_cmd) for lcd_cmd
    lcd.o(i.lcd_line1) refers to lcd.o(i.lcd_cmd) for lcd_cmd
    lcd.o(i.lcd_line2) refers to lcd.o(i.lcd_cmd) for lcd_cmd
    lcd.o(i.lcd_out_cp) refers to lcd.o(i.lcd_delay) for lcd_delay
    lcd.o(i.lcd_out_cp) refers to lcd.o(i.lcd_char_cp) for lcd_char_cp
    lcd.o(i.lcd_print) refers to lcd.o(i.lcd_gotoxy) for lcd_gotoxy
    lcd.o(i.lcd_print) refers to lcd.o(i.lcd_out_cp) for lcd_out_cp
    main.o(i.HAL_UART_RxCpltCallback) refers to stm32f1xx_hal_uart.o(i.HAL_UART_Receive_IT) for HAL_UART_Receive_IT
    main.o(i.HAL_UART_RxCpltCallback) refers to main.o(.data) for data_receive
    main.o(i.HAL_UART_RxCpltCallback) refers to main.o(.bss) for huart1
    main.o(i.MX_ADC1_Init) refers to stm32f1xx_hal_adc.o(i.HAL_ADC_Init) for HAL_ADC_Init
    main.o(i.MX_ADC1_Init) refers to main.o(i.Error_Handler) for Error_Handler
    main.o(i.MX_ADC1_Init) refers to stm32f1xx_hal_adc.o(i.HAL_ADC_ConfigChannel) for HAL_ADC_ConfigChannel
    main.o(i.MX_ADC1_Init) refers to main.o(.bss) for hadc1
    main.o(i.MX_DMA_Init) refers to stm32f1xx_hal_cortex.o(i.HAL_NVIC_SetPriority) for HAL_NVIC_SetPriority
    main.o(i.MX_DMA_Init) refers to stm32f1xx_hal_cortex.o(i.HAL_NVIC_EnableIRQ) for HAL_NVIC_EnableIRQ
    main.o(i.MX_GPIO_Init) refers to stm32f1xx_hal_gpio.o(i.HAL_GPIO_WritePin) for HAL_GPIO_WritePin
    main.o(i.MX_GPIO_Init) refers to stm32f1xx_hal_gpio.o(i.HAL_GPIO_Init) for HAL_GPIO_Init
[...]
    .text                                    0x08000a4c   Section        8  libspace.o(.text)
    .text                                    0x08000a54   Section       74  sys_stackheap_outer.o(.text)
    .text                                    0x08000a9e   Section        0  exit.o(.text)
    .text                                    0x08000ab0   Section      128  strcmpv7m.o(.text)
    .text                                    0x08000b30   Section        0  sys_exit.o(.text)
    .text                                    0x08000b3c   Section        2  use_no_semi.o(.text)
    .text                                    0x08000b3e   Section        0  indicate_semi.o(.text)
    CL$$btod_d2e                             0x08000b3e   Section       62  btod.o(CL$$btod_d2e)
    CL$$btod_d2e_denorm_low                  0x08000b7c   Section       70  btod.o(CL$$btod_d2e_denorm_low)
    CL$$btod_d2e_norm_op1                    0x08000bc2   Section       96  btod.o(CL$$btod_d2e_norm_op1)
    CL$$btod_div_common                      0x08000c22   Section      824  btod.o(CL$$btod_div_common)
    CL$$btod_e2e                             0x08000f5a   Section      220  btod.o(CL$$btod_e2e)
    CL$$btod_ediv                            0x08001036   Section       42  btod.o(CL$$btod_ediv)
    CL$$btod_emul                            0x08001060   Section       42  btod.o(CL$$btod_emul)
    CL$$btod_mult_common                     0x0800108a   Section      580  btod.o(CL$$btod_mult_common)
    i.ADC1_2_IRQHandler                      0x080012d0   Section        0  stm32f1xx_it.o(i.ADC1_2_IRQHandler)
    i.ADC_ConversionStop_Disable             0x080012e0   Section        0  stm32f1xx_hal_adc.o(i.ADC_ConversionStop_Disable)
    i.ADC_DMAConvCplt                        0x0800133c   Section        0  stm32f1xx_hal_adc.o(i.ADC_DMAConvCplt)
    i.ADC_DMAError                           0x0800138e   Section        0  stm32f1xx_hal_adc.o(i.ADC_DMAError)
    i.ADC_DMAHalfConvCplt                    0x080013ac   Section        0  stm32f1xx_hal_adc.o(i.ADC_DMAHalfConvCplt)
    i.ADC_Enable                             0x080013bc   Section        0  stm32f1xx_hal_adc.o(i.ADC_Enable)
    i.BusFault_Handler                       0x0800144c   Section        0  stm32f1xx_it.o(i.BusFault_Handler)
    i.DMA1_Channel1_IRQHandler               0x08001450   Section        0  stm32f1xx_it.o(i.DMA1_Channel1_IRQHandler)
    i.DMA_SetConfig                          0x08001460   Section        0  stm32f1xx_hal_dma.o(i.DMA_SetConfig)
    DMA_SetConfig                            0x08001461   Thumb Code    44  stm32f1xx_hal_dma.o(i.DMA_SetConfig)
    i.DebugMon_Handler                       0x0800148c   Section        0  stm32f1xx_it.o(i.DebugMon_Handler)
    i.Delay                                  0x0800148e   Section        0  lcd.o(i.Delay)
    i.EXTI15_10_IRQHandler                   0x08001498   Section        0  stm32f1xx_it.o(i.EXTI15_10_IRQHandler)
    i.Error_Handler                          0x080014c4   Section        0  main.o(i.Error_Handler)
    i.HAL_ADCEx_Calibration_Start            0x080014cc   Section        0  stm32f1xx_hal_adc_ex.o(i.HAL_ADCEx_Calibration_Start)
    i.HAL_ADCEx_InjectedConvCpltCallback     0x080015e4   Section        0  stm32f1xx_hal_adc_ex.o(i.HAL_ADCEx_InjectedConvCpltCallback)
    i.HAL_ADC_ConfigChannel                  0x080015e8   Section        0  stm32f1xx_hal_adc.o(i.HAL_ADC_ConfigChannel)
    i.HAL_ADC_ConvCpltCallback               0x08001748   Section        0  stm32f1xx_hal_adc.o(i.HAL_ADC_ConvCpltCallback)
    i.HAL_ADC_ConvHalfCpltCallback           0x0800174a   Section        0  stm32f1xx_hal_adc.o(i.HAL_ADC_ConvHalfCpltCallback)
    i.HAL_ADC_ErrorCallback                  0x0800174c   Section        0  stm32f1xx_hal_adc.o(i.HAL_ADC_ErrorCallback)
    i.HAL_ADC_IRQHandler                     0x0800174e   Section        0  stm32f1xx_hal_adc.o(i.HAL_ADC_IRQHandler)
    i.HAL_ADC_Init                           0x08001870   Section        0  stm32f1xx_hal_adc.o(i.HAL_ADC_Init)
    i.HAL_ADC_LevelOutOfWindowCallback       0x080019b4   Section        0  stm32f1xx_hal_adc.o(i.HAL_ADC_LevelOutOfWindowCallback)
    i.HAL_ADC_MspInit                        0x080019b8   Section        0  stm32f1xx_hal_msp.o(i.HAL_ADC_MspInit)
    i.HAL_ADC_Start_DMA                      0x08001a74   Section        0  stm32f1xx_hal_adc.o(i.HAL_ADC_Start_DMA)
    i.HAL_ADC_Start_IT                       0x08001bf4   Section        0  stm32f1xx_hal_adc.o(i.HAL_ADC_Start_IT)
    i.HAL_DMA_Abort                          0x08001d30   Section        0  stm32f1xx_hal_dma.o(i.HAL_DMA_Abort)
    i.HAL_DMA_Abort_IT                       0x08001d88   Section        0  stm32f1xx_hal_dma.o(i.HAL_DMA_Abort_IT)
    i.HAL_DMA_IRQHandler                     0x08001e38   Section        0  stm32f1xx_hal_dma.o(i.HAL_DMA_IRQHandler)
    i.HAL_DMA_Init                           0x08001fd4   Section        0  stm32f1xx_hal_dma.o(i.HAL_DMA_Init)
    i.HAL_DMA_Start_IT                       0x0800203c   Section        0  stm32f1xx_hal_dma.o(i.HAL_DMA_Start_IT)
    i.HAL_Delay                              0x080020d8   Section        0  stm32f1xx_hal.o(i.HAL_Delay)
    i.HAL_GPIO_EXTI_Callback                 0x08002100   Section        0  stm32f1xx_it.o(i.HAL_GPIO_EXTI_Callback)
    i.HAL_GPIO_EXTI_IRQHandler               0x0800216c   Section        0  stm32f1xx_hal_gpio.o(i.HAL_GPIO_EXTI_IRQHandler)
    i.HAL_GPIO_Init                          0x08002188   Section        0  stm32f1xx_hal_gpio.o(i.HAL_GPIO_Init)
    i.HAL_GPIO_ReadPin                       0x08002494   Section        0  stm32f1xx_hal_gpio.o(i.HAL_GPIO_ReadPin)
    i.HAL_GPIO_WritePin                      0x080024a4   Section        0  stm32f1xx_hal_gpio.o(i.HAL_GPIO_WritePin)
    i.HAL_GetTick                            0x080024b0   Section        0  stm32f1xx_hal.o(i.HAL_GetTick)
    i.HAL_IncTick                            0x080024bc   Section        0  stm32f1xx_hal.o(i.HAL_IncTick)
    i.HAL_Init                               0x080024d4   Section        0  stm32f1xx_hal.o(i.HAL_Init)
    i.HAL_InitTick                           0x080024fc   Section        0  stm32f1xx_hal.o(i.HAL_InitTick)
    i.HAL_MspInit                            0x08002548   Section        0  stm32f1xx_hal_msp.o(i.HAL_MspInit)
    i.HAL_NVIC_EnableIRQ                     0x0800259c   Section        0  stm32f1xx_hal_cortex.o(i.HAL_NVIC_EnableIRQ)
    i.HAL_NVIC_SetPriority                   0x080025bc   Section        0  stm32f1xx_hal_cortex.o(i.HAL_NVIC_SetPriority)
    i.HAL_NVIC_SetPriorityGrouping           0x08002638   Section        0  stm32f1xx_hal_cortex.o(i.HAL_NVIC_SetPriorityGrouping)
    i.HAL_RCCEx_GetPeriphCLKFreq             0x08002660   Section        0  stm32f1xx_hal_rcc_ex.o(i.HAL_RCCEx_GetPeriphCLKFreq)
    i.HAL_RCCEx_PeriphCLKConfig              0x08002778   Section        0  stm32f1xx_hal_rcc_ex.o(i.HAL_RCCEx_PeriphCLKConfig)
    i.HAL_RCC_ClockConfig                    0x080028a8   Section        0  stm32f1xx_hal_rcc.o(i.HAL_RCC_ClockConfig)
    i.HAL_RCC_GetHCLKFreq                    0x08002a34   Section        0  stm32f1xx_hal_rcc.o(i.HAL_RCC_GetHCLKFreq)
    i.HAL_RCC_GetPCLK1Freq                   0x08002a40   Section        0  stm32f1xx_hal_rcc.o(i.HAL_RCC_GetPCLK1Freq)
    i.HAL_RCC_GetPCLK2Freq                   0x08002a60   Section        0  stm32f1xx_hal_rcc.o(i.HAL_RCC_GetPCLK2Freq)
    i.HAL_RCC_GetSysClockFreq                0x08002a80   Section        0  stm32f1xx_hal_rcc.o(i.HAL_RCC_GetSysClockFreq)
    i.HAL_RCC_OscConfig                      0x08002b14   Section        0  stm32f1xx_hal_rcc.o(i.HAL_RCC_OscConfig)
    i.HAL_SYSTICK_Config                     0x08002f78   Section        0  stm32f1xx_hal_cortex.o(i.HAL_SYSTICK_Config)
    i.HAL_TIMEx_BreakCallback                0x08002fac   Section        0  stm32f1xx_hal_tim_ex.o(i.HAL_TIMEx_BreakCallback)
    i.HAL_TIMEx_CommutCallback               0x08002fae   Section        0  stm32f1xx_hal_tim_ex.o(i.HAL_TIMEx_CommutCallback)
    i.HAL_TIMEx_MasterConfigSynchronization  0x08002fb0   Section        0  stm32f1xx_hal_tim_ex.o(i.HAL_TIMEx_MasterConfigSynchronization)
    i.HAL_TIM_Base_Init                      0x08003028   Section        0  stm32f1xx_hal_tim.o(i.HAL_TIM_Base_Init)
    i.HAL_TIM_Base_MspInit                   0x08003090   Section        0  stm32f1xx_hal_msp.o(i.HAL_TIM_Base_MspInit)
    i.HAL_TIM_Base_Start_IT                  0x08003138   Section        0  stm32f1xx_hal_tim.o(i.HAL_TIM_Base_Start_IT)
    i.HAL_TIM_ConfigClockSource              0x080031a4   Section        0  stm32f1xx_hal_tim.o(i.HAL_TIM_ConfigClockSource)
    i.HAL_TIM_IC_CaptureCallback             0x080032ac   Section        0  stm32f1xx_hal_tim.o(i.HAL_TIM_IC_CaptureCallback)
    i.HAL_TIM_IRQHandler                     0x080032ae   Section        0  stm32f1xx_hal_tim.o(i.HAL_TIM_IRQHandler)
    i.HAL_TIM_OC_DelayElapsedCallback        0x08003444   Section        0  stm32f1xx_hal_tim.o(i.HAL_TIM_OC_DelayElapsedCallback)
    i.HAL_TIM_PWM_PulseFinishedCallback      0x08003446   Section        0  stm32f1xx_hal_tim.o(i.HAL_TIM_PWM_PulseFinishedCallback)
    i.HAL_TIM_PeriodElapsedCallback          0x08003448   Section        0  stm32f1xx_it.o(i.HAL_TIM_PeriodElapsedCallback)
    i.HAL_TIM_TriggerCallback                0x08003480   Section        0  stm32f1xx_hal_tim.o(i.HAL_TIM_TriggerCallback)
    i.HAL_UARTEx_RxEventCallback             0x08003482   Section        0  stm32f1xx_hal_uart.o(i.HAL_UARTEx_RxEventCallback)
    i.HAL_UART_ErrorCallback                 0x08003484   Section        0  stm32f1xx_hal_uart.o(i.HAL_UART_ErrorCallback)
    i.HAL_UART_IRQHandler                    0x08003488   Section        0  stm32f1xx_hal_uart.o(i.HAL_UART_IRQHandler)
    i.HAL_UART_Init                          0x080036d4   Section        0  stm32f1xx_hal_uart.o(i.HAL_UART_Init)
    i.HAL_UART_MspInit                       0x08003748   Section        0  stm32f1xx_hal_msp.o(i.HAL_UART_MspInit)
    i.HAL_UART_Receive_IT                    0x080037e0   Section        0  stm32f1xx_hal_uart.o(i.HAL_UART_Receive_IT)
    i.HAL_UART_RxCpltCallback                0x08003824   Section        0  main.o(i.HAL_UART_RxCpltCallback)
    i.HAL_UART_Transmit                      0x08003870   Section        0  stm32f1xx_hal_uart.o(i.HAL_UART_Transmit)
    i.HAL_UART_TxCpltCallback                0x08003942   Section        0  stm32f1xx_hal_uart.o(i.HAL_UART_TxCpltCallback)
    i.HardFault_Handler                      0x08003944   Section        0  stm32f1xx_it.o(i.HardFault_Handler)
    i.MX_ADC1_Init                           0x08003948   Section        0  main.o(i.MX_ADC1_Init)
    MX_ADC1_Init                             0x08003949   Thumb Code    82  main.o(i.MX_ADC1_Init)
    i.MX_DMA_Init                            0x080039a4   Section        0  main.o(i.MX_DMA_Init)
    MX_DMA_Init                              0x080039a5   Thumb Code    48  main.o(i.MX_DMA_Init)
    i.MX_GPIO_Init                           0x080039d8   Section        0  main.o(i.MX_GPIO_Init)
    MX_GPIO_Init                             0x080039d9   Thumb Code   252  main.o(i.MX_GPIO_Init)
    i.MX_TIM1_Init                           0x08003ae8   Section        0  main.o(i.MX_TIM1_Init)
    MX_TIM1_Init                             0x08003ae9   Thumb Code   102  main.o(i.MX_TIM1_Init)
    i.MX_TIM2_Init                           0x08003b58   Section        0  main.o(i.MX_TIM2_Init)
    MX_TIM2_Init                             0x08003b59   Thumb Code   104  main.o(i.MX_TIM2_Init)
    i.MX_USART1_UART_Init                    0x08003bc4   Section        0  main.o(i.MX_USART1_UART_Init)
    MX_USART1_UART_Init                      0x08003bc5   Thumb Code    46  main.o(i.MX_USART1_UART_Init)
    i.MemManage_Handler                      0x08003bfc   Section        0  stm32f1xx_it.o(i.MemManage_Handler)
    i.NMI_Handler                            0x08003c00   Section        0  stm32f1xx_it.o(i.NMI_Handler)
    i.PendSV_Handler                         0x08003c04   Section        0  stm32f1xx_it.o(i.PendSV_Handler)
    i.RCC_Delay                              0x08003c08   Section        0  stm32f1xx_hal_rcc.o(i.RCC_Delay)
    RCC_Delay                                0x08003c09   Thumb Code    36  stm32f1xx_hal_rcc.o(i.RCC_Delay)
    i.SVC_Handler                            0x08003c30   Section        0  stm32f1xx_it.o(i.SVC_Handler)
    i.SysTick_Handler                        0x08003c32   Section        0  stm32f1xx_it.o(i.SysTick_Handler)
    i.SystemClock_Config                     0x08003c3a   Section        0  main.o(i.SystemClock_Config)
    i.SystemInit                             0x08003ca8   Section        0  system_stm32f1xx.o(i.SystemInit)
    i.TIM1_BRK_IRQHandler                    0x08003cac   Section        0  stm32f1xx_it.o(i.TIM1_BRK_IRQHandler)
    i.TIM1_CC_IRQHandler                     0x08003cbc   Section        0  stm32f1xx_it.o(i.TIM1_CC_IRQHandler)
    i.TIM1_TRG_COM_IRQHandler                0x08003ccc   Section        0  stm32f1xx_it.o(i.TIM1_TRG_COM_IRQHandler)
    i.TIM1_UP_IRQHandler                     0x08003cdc   Section        0  stm32f1xx_it.o(i.TIM1_UP_IRQHandler)
    i.TIM2_IRQHandler                        0x08003cec   Section        0  stm32f1xx_it.o(i.TIM2_IRQHandler)
    i.TIM_Base_SetConfig                     0x08003cfc   Section        0  stm32f1xx_hal_tim.o(i.TIM_Base_SetConfig)
    i.TIM_ETR_SetConfig                      0x08003d60   Section        0  stm32f1xx_hal_tim.o(i.TIM_ETR_SetConfig)
    i.TIM_ITRx_SetConfig                     0x08003d76   Section        0  stm32f1xx_hal_tim.o(i.TIM_ITRx_SetConfig)
    TIM_ITRx_SetConfig                       0x08003d77   Thumb Code    18  stm32f1xx_hal_tim.o(i.TIM_ITRx_SetConfig)
    i.TIM_TI1_ConfigInputStage               0x08003d88   Section        0  stm32f1xx_hal_tim.o(i.TIM_TI1_ConfigInputStage)
    TIM_TI1_ConfigInputStage                 0x08003d89   Thumb Code    38  stm32f1xx_hal_tim.o(i.TIM_TI1_ConfigInputStage)
    i.TIM_TI2_ConfigInputStage               0x08003dae   Section        0  stm32f1xx_hal_tim.o(i.TIM_TI2_ConfigInputStage)
    TIM_TI2_ConfigInputStage                 0x08003daf   Thumb Code    40  stm32f1xx_hal_tim.o(i.TIM_TI2_ConfigInputStage)
    i.UART_DMAAbortOnError                   0x08003dd6   Section        0  stm32f1xx_hal_uart.o(i.UART_DMAAbortOnError)
    UART_DMAAbortOnError                     0x08003dd7   Thumb Code    20  stm32f1xx_hal_uart.o(i.UART_DMAAbortOnError)
    i.UART_EndRxTransfer                     0x08003dea   Section        0  stm32f1xx_hal_uart.o(i.UART_EndRxTransfer)
    UART_EndRxTransfer                       0x08003deb   Thumb Code    54  stm32f1xx_hal_uart.o(i.UART_EndRxTransfer)
    i.UART_EndTransmit_IT                    0x08003e20   Section        0  stm32f1xx_hal_uart.o(i.UART_EndTransmit_IT)
    UART_EndTransmit_IT                      0x08003e21   Thumb Code    32  stm32f1xx_hal_uart.o(i.UART_EndTransmit_IT)
    i.UART_Receive_IT                        0x08003e40   Section        0  stm32f1xx_hal_uart.o(i.UART_Receive_IT)
    UART_Receive_IT                          0x08003e41   Thumb Code   228  stm32f1xx_hal_uart.o(i.UART_Receive_IT)
    i.UART_SetConfig                         0x08003f24   Section        0  stm32f1xx_hal_uart.o(i.UART_SetConfig)
    UART_SetConfig                           0x08003f25   Thumb Code   248  stm32f1xx_hal_uart.o(i.UART_SetConfig)
    i.UART_Start_Receive_IT                  0x08004020   Section        0  stm32f1xx_hal_uart.o(i.UART_Start_Receive_IT)
    i.UART_Transmit_IT                       0x08004066   Section        0  stm32f1xx_hal_uart.o(i.UART_Transmit_IT)
    UART_Transmit_IT                         0x08004067   Thumb Code    96  stm32f1xx_hal_uart.o(i.UART_Transmit_IT)
    i.UART_WaitOnFlagUntilTimeout            0x080040c6   Section        0  stm32f1xx_hal_uart.o(i.UART_WaitOnFlagUntilTimeout)
    UART_WaitOnFlagUntilTimeout              0x080040c7   Thumb Code   108  stm32f1xx_hal_uart.o(i.UART_WaitOnFlagUntilTimeout)
    i.USART1_IRQHandler                      0x08004134   Section        0  stm32f1xx_it.o(i.USART1_IRQHandler)
    i.UsageFault_Handler                     0x08004144   Section        0  stm32f1xx_it.o(i.UsageFault_Handler)
    i.__ARM_fpclassify                       0x08004148   Section        0  fpclassify.o(i.__ARM_fpclassify)
    i.__NVIC_GetPriorityGrouping             0x08004170   Section        0  stm32f1xx_hal_cortex.o(i.__NVIC_GetPriorityGrouping)
    __NVIC_GetPriorityGrouping               0x08004171   Thumb Code    10  stm32f1xx_hal_cortex.o(i.__NVIC_GetPriorityGrouping)
    i.__NVIC_SetPriority                     0x08004180   Section        0  stm32f1xx_hal_cortex.o(i.__NVIC_SetPriority)
    __NVIC_SetPriority                       0x08004181   Thumb Code    32  stm32f1xx_hal_cortex.o(i.__NVIC_SetPriority)
    i.close_door                             0x080041a8   Section        0  main.o(i.close_door)
    i.delay_us                               0x080041c8   Section        0  main.o(i.delay_us)
    i.find_arrival_target                    0x080041e4   Section        0  main.o(i.find_arrival_target)
    i.init_system                            0x08004208   Section        0  main.o(i.init_system)
    i.lcd_char_cp                            0x08004294   Section        0  lcd.o(i.lcd_char_cp)
    i.lcd_cmd                                0x080043e4   Section        0  lcd.o(i.lcd_cmd)
    i.lcd_delay                              0x08004530   Section        0  lcd.o(i.lcd_delay)
    i.lcd_gotoxy                             0x0800453c   Section        0  lcd.o(i.lcd_gotoxy)
    i.lcd_init                               0x08004562   Section        0  lcd.o(i.lcd_init)
    i.lcd_out_cp                             0x080045c2   Section        0  lcd.o(i.lcd_out_cp)
    i.lcd_print                              0x080045e0   Section        0  lcd.o(i.lcd_print)
    i.main                                   0x080045f8   Section        0  main.o(i.main)
    i.open_door                              0x08004854   Section        0  main.o(i.open_door)
    i.run_buzzer                             0x08004874   Section        0  main.o(i.run_buzzer)
    i.run_door_logic                         0x080048bc   Section        0  main.o(i.run_door_logic)
    i.run_floor_logic                        0x0800491c   Section        0  main.o(i.run_floor_logic)
    i.run_smart_movement_algorithm           0x08004a30   Section        0  main.o(i.run_smart_movement_algorithm)
    i.sensor_read                            0x08004a8c   Section        0  main.o(i.sensor_read)
    i.update_floor                           0x08004b20   Section        0  main.o(i.update_floor)
    i.update_up_down                         0x08004c5c   Section        0  main.o(i.update_up_down)
    locale$$code                             0x08004cf0   Section       44  lc_numeric_c.o(locale$$code)
    x$fpl$d2f                                0x08004d1c   Section       98  d2f.o(x$fpl$d2f)
    x$fpl$dmul                               0x08004d80   Section      340  dmul.o(x$fpl$dmul)
    x$fpl$dnaninf                            0x08004ed4   Section      156  dnaninf.o(x$fpl$dnaninf)
    x$fpl$dretinf                            0x08004f70   Section       12  dretinf.o(x$fpl$dretinf)
    x$fpl$f2d                                0x08004f7c   Section       86  f2d.o(x$fpl$f2d)
    x$fpl$fcmpinf                            0x08004fd2   Section       24  fcmpi.o(x$fpl$fcmpinf)
    x$fpl$feqf                               0x08004fec   Section      104  feqf.o(x$fpl$feqf)
    x$fpl$ffltu                              0x08005054   Section       38  fflt_clz.o(x$fpl$ffltu)
    x$fpl$fleqf                              0x0800507c   Section      104  fleqf.o(x$fpl$fleqf)
    x$fpl$fnaninf                            0x080050e4   Section      140  fnaninf.o(x$fpl$fnaninf)
    x$fpl$fretinf                            0x08005170   Section       10  fretinf.o(x$fpl$fretinf)
    x$fpl$frleqf                             0x0800517a   Section       98  frleqf.o(x$fpl$frleqf)
    x$fpl$printf1                            0x080051dc   Section        4  printf1.o(x$fpl$printf1)
    .constdata                               0x080051e0   Section       24  system_stm32f1xx.o(.constdata)
    x$fpl$usenofp                            0x080051e0   Section        0  usenofp.o(x$fpl$usenofp)
    .constdata                               0x080051f8   Section      148  bigflt0.o(.constdata)
    tenpwrs_x                                0x080051f8   Data          60  bigflt0.o(.constdata)
    tenpwrs_i                                0x08005234   Data          64  bigflt0.o(.constdata)
    .conststring                             0x0800528c   Section      225  main.o(.conststring)
    locale$$data                             0x08005390   Section       28  lc_numeric_c.o(locale$$data)
    __lcnum_c_name                           0x08005394   Data           2  lc_numeric_c.o(locale$$data)
    __lcnum_c_start                          0x0800539c   Data           0  lc_numeric_c.o(locale$$data)
    __lcnum_c_point                          0x080053a8   Data           0  lc_numeric_c.o(locale$$data)
    __lcnum_c_thousands                      0x080053aa   Data           0  lc_numeric_c.o(locale$$data)
    __lcnum_c_grouping                       0x080053ab   Data           0  lc_numeric_c.o(locale$$data)
    __lcnum_c_end                            0x080053ac   Data           0  lc_numeric_c.o(locale$$data)
    .data                                    0x20000000   Section       48  main.o(.data)
    .data                                    0x20000030   Section        9  stm32f1xx_hal.o(.data)
    .data                                    0x2000003c   Section        4  system_stm32f1xx.o(.data)
    .bss                                     0x20000040   Section      850  main.o(.bss)
    .bss                                     0x20000394   Section       96  libspace.o(.bss)
    HEAP                                     0x200003f8   Section      512  startup_stm32f103x6.o(HEAP)
    Heap_Mem                                 0x200003f8   Data         512  startup_stm32f103x6.o(HEAP)
    STACK                                    0x200005f8   Section     1024  startup_stm32f103x6.o(STACK)
    Stack_Mem                                0x200005f8   Data        1024  startup_stm32f103x6.o(STACK)
    __initial_sp                             0x200009f8   Data           0  startup_stm32f103x6.o(STACK)

    Global Symbols

    Symbol Name                              Value     Ov Type        Size  Object(Section)

    BuildAttributes$$THM_ISAv4$P$D$K$B$S$PE$A:L22UL41UL21$X:L11$S22US41US21$IEEE1$IW$USESV6$~STKCKD$USESV7$~SHL$OTIME$ROPI$IEEEJ$EBA8$UX$STANDARDLIB$REQ8$PRES8$EABIv2 0x00000000   Number         0  anon$$obj.o ABSOLUTE
    __ARM_use_no_argv                        0x00000000   Number         0  main.o ABSOLUTE
    _printf_flags                            0x00000000   Number         0  printf_stubs.o ABSOLUTE
    _printf_return_value                     0x00000000   Number         0  printf_stubs.o ABSOLUTE
    _printf_sizespec                         0x00000000   Number         0  printf_stubs.o ABSOLUTE
    _printf_widthprec                        0x00000000   Number         0  printf_stubs.o ABSOLUTE
    __ARM_exceptions_init                     - Undefined Weak Reference
    __alloca_initialize                       - Undefined Weak Reference
    __arm_fini_                               - Undefined Weak Reference
    __arm_preinit_                            - Undefined Weak Reference
    __cpp_initialize__aeabi_                  - Undefined Weak Reference
    __cxa_finalize                            - Undefined Weak Reference
    __sigvec_lookup                           - Undefined Weak Reference
    _atexit_init                              - Undefined Weak Reference
    _call_atexit_fns                          - Undefined Weak Reference
    _clock_init                               - Undefined Weak Reference
    _fp_trap_init                             - Undefined Weak Reference
    _fp_trap_shutdown                         - Undefined Weak Reference
    _get_lc_collate                           - Undefined Weak Reference
    _get_lc_ctype                             - Undefined Weak Reference
    _get_lc_monetary                          - Undefined Weak Reference
    _get_lc_time                              - Undefined Weak Reference
    _getenv_init                              - Undefined Weak Reference
    _handle_redirection                       - Undefined Weak Reference
    _init_alloc                               - Undefined Weak Reference
    _init_user_alloc                          - Undefined Weak Reference
    _initio                                   - Undefined Weak Reference
    _printf_post_padding                      - Undefined Weak Reference
    _printf_pre_padding                       - Undefined Weak Reference
    _printf_truncate_signed                   - Undefined Weak Reference
    _printf_truncate_unsigned                 - Undefined Weak Reference
    _rand_init                                - Undefined Weak Reference
    _signal_finish                            - Undefined Weak Reference
    _signal_init                              - Undefined Weak Reference
    _terminate_alloc                          - Undefined Weak Reference
    _terminate_user_alloc                     - Undefined Weak Reference
    _terminateio                              - Undefined Weak Reference
    __Vectors_Size                           0x000000ec   Number         0  startup_stm32f103x6.o ABSOLUTE
    __Vectors                                0x08000000   Data           4  startup_stm32f103x6.o(RESET)
    __Vectors_End                            0x080000ec   Data           0  startup_stm32f103x6.o(RESET)
    __main                                   0x080000ed   Thumb Code     8  __main.o(!!!main)
    __scatterload                            0x080000f5   Thumb Code     0  __scatter.o(!!!scatter)
    __scatterload_rt2                        0x080000f5   Thumb Code    44  __scatter.o(!!!scatter)
    __scatterload_rt2_thumb_only             0x080000f5   Thumb Code     0  __scatter.o(!!!scatter)
    __scatterload_null                       0x08000103   Thumb Code     0  __scatter.o(!!!scatter)
    __scatterload_copy                       0x08000129   Thumb Code    26  __scatter_copy.o(!!handler_copy)
    __scatterload_zeroinit                   0x08000145   Thumb Code    28  __scatter_zi.o(!!handler_zi)
    _printf_f                                0x08000161   Thumb Code     0  _printf_f.o(.ARM.Collect$$_printf_percent$$00000003)
    _printf_percent                          0x08000161   Thumb Code     0  _printf_percent.o(.ARM.Collect$$_printf_percent$$00000000)
    _printf_d                                0x08000167   Thumb Code     0  _printf_d.o(.ARM.Collect$$_printf_percent$$00000009)
    _printf_percent_end                      0x0800016d   Thumb Code     0  _printf_percent_end.o(.ARM.Collect$$_printf_percent$$00000017)
    __rt_lib_init                            0x08000171   Thumb Code     0  libinit.o(.ARM.Collect$$libinit$$00000000)
    __rt_lib_init_fp_1                       0x08000173   Thumb Code     0  libinit2.o(.ARM.Collect$$libinit$$00000002)
    __rt_lib_init_heap_1                     0x08000173   Thumb Code     0  libinit2.o(.ARM.Collect$$libinit$$0000000A)
    __rt_lib_init_lc_common                  0x08000173   Thumb Code     0  libinit2.o(.ARM.Collect$$libinit$$0000000F)
    __rt_lib_init_preinit_1                  0x08000173   Thumb Code     0  libinit2.o(.ARM.Collect$$libinit$$00000004)
    __rt_lib_init_rand_1                     0x08000173   Thumb Code     0  libinit2.o(.ARM.Collect$$libinit$$0000000E)
    __rt_lib_init_user_alloc_1               0x08000173   Thumb Code     0  libinit2.o(.ARM.Collect$$libinit$$0000000C)
    __rt_lib_init_lc_collate_1               0x08000179   Thumb Code     0  libinit2.o(.ARM.Collect$$libinit$$00000011)
    __rt_lib_init_lc_ctype_1                 0x08000179   Thumb Code     0  libinit2.o(.ARM.Collect$$libinit$$00000013)
    __rt_lib_init_lc_monetary_1              0x08000179   Thumb Code     0  libinit2.o(.ARM.Collect$$libinit$$00000015)
    __rt_lib_init_lc_numeric_2               0x08000179   Thumb Code     0  libinit2.o(.ARM.Collect$$libinit$$00000016)
    __rt_lib_init_alloca_1                   0x08000183   Thumb Code     0  libinit2.o(.ARM.Collect$$libinit$$0000002E)
    __rt_lib_init_argv_1                     0x08000183   Thumb Code     0  libinit2.o(.ARM.Collect$$libinit$$0000002C)
    __rt_lib_init_atexit_1                   0x08000183   Thumb Code     0  libinit2.o(.ARM.Collect$$libinit$$0000001B)
    __rt_lib_init_clock_1                    0x08000183   Thumb Code     0  libinit2.o(.ARM.Collect$$libinit$$00000021)
    __rt_lib_init_cpp_1                      0x08000183   Thumb Code     0  libinit2.o(.ARM.Collect$$libinit$$00000032)
    __rt_lib_init_exceptions_1               0x08000183   Thumb Code     0  libinit2.o(.ARM.Collect$$libinit$$00000030)
    __rt_lib_init_fp_trap_1                  0x08000183   Thumb Code     0  libinit2.o(.ARM.Collect$$libinit$$0000001F)
    __rt_lib_init_getenv_1                   0x08000183   Thumb Code     0  libinit2.o(.ARM.Collect$$libinit$$00000023)
    __rt_lib_init_lc_numeric_1               0x08000183   Thumb Code     0  libinit2.o(.ARM.Collect$$libinit$$00000017)
    __rt_lib_init_lc_time_1                  0x08000183   Thumb Code     0  libinit2.o(.ARM.Collect$$libinit$$00000019)
    __rt_lib_init_return                     0x08000183   Thumb Code     0  libinit2.o(.ARM.Collect$$libinit$$00000033)
    __rt_lib_init_signal_1                   0x08000183   Thumb Code     0  libinit2.o(.ARM.Collect$$libinit$$0000001D)
    __rt_lib_init_stdio_1                    0x08000183   Thumb Code     0  libinit2.o(.ARM.Collect$$libinit$$00000025)
    __rt_lib_shutdown                        0x08000185   Thumb Code     0  libshutdown.o(.ARM.Collect$$libshutdown$$00000000)
    __rt_lib_shutdown_cpp_1                  0x08000187   Thumb Code     0  libshutdown2.o(.ARM.Collect$$libshutdown$$00000004)
    __rt_lib_shutdown_fini_1                 0x08000187   Thumb Code     0  libshutdown2.o(.ARM.Collect$$libshutdown$$00000002)
    __rt_lib_shutdown_fp_trap_1              0x08000187   Thumb Code     0  libshutdown2.o(.ARM.Collect$$libshutdown$$00000009)
    __rt_lib_shutdown_heap_1                 0x08000187   Thumb Code     0  libshutdown2.o(.ARM.Collect$$libshutdown$$00000011)
    __rt_lib_shutdown_return                 0x08000187   Thumb Code     0  libshutdown2.o(.ARM.Collect$$libshutdown$$00000012)
    __rt_lib_shutdown_signal_1               0x08000187   Thumb Code     0  libshutdown2.o(.ARM.Collect$$libshutdown$$0000000C)
    __rt_lib_shutdown_stdio_1                0x08000187   Thumb Code     0  libshutdown2.o(.ARM.Collect$$libshutdown$$00000006)
    __rt_lib_shutdown_user_alloc_1           0x08000187   Thumb Code     0  libshutdown2.o(.ARM.Collect$$libshutdown$$0000000E)
    __rt_entry                               0x08000189   Thumb Code     0  __rtentry.o(.ARM.Collect$$rtentry$$00000000)
    __rt_entry_presh_1                       0x08000189   Thumb Code     0  __rtentry2.o(.ARM.Collect$$rtentry$$00000002)
    __rt_entry_sh                            0x08000189   Thumb Code     0  __rtentry4.o(.ARM.Collect$$rtentry$$00000004)
    __rt_entry_li                            0x0800018f   Thumb Code     0  __rtentry2.o(.ARM.Collect$$rtentry$$0000000A)
    __rt_entry_postsh_1                      0x0800018f   Thumb Code     0  __rtentry2.o(.ARM.Collect$$rtentry$$00000009)
    __rt_entry_main                          0x08000193   Thumb Code     0  __rtentry2.o(.ARM.Collect$$rtentry$$0000000D)
    __rt_entry_postli_1                      0x08000193   Thumb Code     0  __rtentry2.o(.ARM.Collect$$rtentry$$0000000C)
    __rt_exit                                0x0800019b   Thumb Code     0  rtexit.o(.ARM.Collect$$rtexit$$00000000)
    __rt_exit_ls                             0x0800019d   Thumb Code     0  rtexit2.o(.ARM.Collect$$rtexit$$00000003)
    __rt_exit_prels_1                        0x0800019d   Thumb Code     0  rtexit2.o(.ARM.Collect$$rtexit$$00000002)
    __rt_exit_exit                           0x080001a1   Thumb Code     0  rtexit2.o(.ARM.Collect$$rtexit$$00000004)
    Reset_Handler                            0x080001a9   Thumb Code     8  startup_stm32f103x6.o(.text)
    CAN1_RX1_IRQHandler                      0x080001c3   Thumb Code     0  startup_stm32f103x6.o(.text)
    CAN1_SCE_IRQHandler                      0x080001c3   Thumb Code     0  startup_stm32f103x6.o(.text)
    DMA1_Channel2_IRQHandler                 0x080001c3   Thumb Code     0  startup_stm32f103x6.o(.text)
    DMA1_Channel3_IRQHandler                 0x080001c3   Thumb Code     0  startup_stm32f103x6.o(.text)
    DMA1_Channel4_IRQHandler                 0x080001c3   Thumb Code     0  startup_stm32f103x6.o(.text)
    DMA1_Channel5_IRQHandler                 0x080001c3   Thumb Code     0  startup_stm32f103x6.o(.text)
    DMA1_Channel6_IRQHandler                 0x080001c3   Thumb Code     0  startup_stm32f103x6.o(.text)
    DMA1_Channel7_IRQHandler                 0x080001c3   Thumb Code     0  startup_stm32f103x6.o(.text)
    EXTI0_IRQHandler                         0x080001c3   Thumb Code     0  startup_stm32f103x6.o(.text)
    EXTI1_IRQHandler                         0x080001c3   Thumb Code     0  startup_stm32f103x6.o(.text)
    EXTI2_IRQHandler                         0x080001c3   Thumb Code     0  startup_stm32f103x6.o(.text)
    EXTI3_IRQHandler                         0x080001c3   Thumb Code     0  startup_stm32f103x6.o(.text)
    EXTI4_IRQHandler                         0x080001c3   Thumb Code     0  startup_stm32f103x6.o(.text)
    EXTI9_5_IRQHandler                       0x080001c3   Thumb Code     0  startup_stm32f103x6.o(.text)
    FLASH_IRQHandler                         0x080001c3   Thumb Code     0  startup_stm32f103x6.o(.text)
    I2C1_ER_IRQHandler                       0x080001c3   Thumb Code     0  startup_stm32f103x6.o(.text)
    I2C1_EV_IRQHandler                       0x080001c3   Thumb Code     0  startup_stm32f103x6.o(.text)
    PVD_IRQHandler                           0x080001c3   Thumb Code     0  startup_stm32f103x6.o(.text)
    RCC_IRQHandler                           0x080001c3   Thumb Code     0  startup_stm32f103x6.o(.text)
    RTC_Alarm_IRQHandler                     0x080001c3   Thumb Code     0  startup_stm32f103x6.o(.text)
    RTC_IRQHandler                           0x080001c3   Thumb Code     0  startup_stm32f103x6.o(.text)
    SPI1_IRQHandler                          0x080001c3   Thumb Code     0  startup_stm32f103x6.o(.text)
    TAMPER_IRQHandler                        0x080001c3   Thumb Code     0  startup_stm32f103x6.o(.text)
    TIM3_IRQHandler                          0x080001c3   Thumb Code     0  startup_stm32f103x6.o(.text)
    USART2_IRQHandler                        0x080001c3   Thumb Code     0  startup_stm32f103x6.o(.text)
    USBWakeUp_IRQHandler                     0x080001c3   Thumb Code     0  startup_stm32f103x6.o(.text)
    USB_HP_CAN1_TX_IRQHandler                0x080001c3   Thumb Code     0  startup_stm32f103x6.o(.text)
    USB_LP_CAN1_RX0_IRQHandler               0x080001c3   Thumb Code     0  startup_stm32f103x6.o(.text)
    WWDG_IRQHandler                          0x080001c3   Thumb Code     0  startup_stm32f103x6.o(.text)
    __user_initial_stackheap                 0x080001c5   Thumb Code     0  startup_stm32f103x6.o(.text)
    __2sprintf                               0x080001e9   Thumb Code    38  __2sprintf.o(.text)
    __printf                                 0x08000215   Thumb Code   104  __printf.o(.text)
    _printf_int_dec                          0x0800027d   Thumb Code   104  _printf_dec.o(.text)
    __aeabi_memclr4                          0x080002f5   Thumb Code     0  rt_memclr_w.o(.text)
    __aeabi_memclr8                          0x080002f5   Thumb Code     0  rt_memclr_w.o(.text)
    __rt_memclr_w                            0x080002f5   Thumb Code    78  rt_memclr_w.o(.text)
    _memset_w                                0x080002f9   Thumb Code     0  rt_memclr_w.o(.text)
    __use_two_region_memory                  0x08000343   Thumb Code     2  heapauxi.o(.text)
    __rt_heap_escrow$2region                 0x08000345   Thumb Code     2  heapauxi.o(.text)
    __rt_heap_expand$2region                 0x08000347   Thumb Code     2  heapauxi.o(.text)
    _printf_int_common                       0x08000349   Thumb Code   178  _printf_intcommon.o(.text)
    __lib_sel_fp_printf                      0x080003fb   Thumb Code     2  _printf_fp_dec.o(.text)
    _printf_fp_dec_real                      0x080005ad   Thumb Code   620  _printf_fp_dec.o(.text)
    _printf_char_common                      0x08000823   Thumb Code    32  _printf_char_common.o(.text)
    _sputc                                   0x08000849   Thumb Code    10  _sputc.o(.text)
    __rt_locale                              0x08000855   Thumb Code     8  rt_locale_intlibspace.o(.text)
    _ll_udiv10                               0x0800085d   Thumb Code   138  lludiv10.o(.text)
    _printf_fp_infnan                        0x080008e9   Thumb Code   112  _printf_fp_infnan.o(.text)
    _btod_etento                             0x08000969   Thumb Code   224  bigflt0.o(.text)
    __user_libspace                          0x08000a4d   Thumb Code     8  libspace.o(.text)
    __user_perproc_libspace                  0x08000a4d   Thumb Code     0  libspace.o(.text)
    __user_perthread_libspace                0x08000a4d   Thumb Code     0  libspace.o(.text)
    __user_setup_stackheap                   0x08000a55   Thumb Code    74  sys_stackheap_outer.o(.text)
    exit                                     0x08000a9f   Thumb Code    18  exit.o(.text)
    strcmp                                   0x08000ab1   Thumb Code   128  strcmpv7m.o(.text)
    _sys_exit                                0x08000b31   Thumb Code     8  sys_exit.o(.text)
    __I$use$semihosting                      0x08000b3d   Thumb Code     0  use_no_semi.o(.text)
    __use_no_semihosting_swi                 0x08000b3d   Thumb Code     2  use_no_semi.o(.text)
    __semihosting_library_function           0x08000b3f   Thumb Code     0  indicate_semi.o(.text)
    _btod_d2e                                0x08000b3f   Thumb Code    62  btod.o(CL$$btod_d2e)
    _d2e_denorm_low                          0x08000b7d   Thumb Code    70  btod.o(CL$$btod_d2e_denorm_low)
    _d2e_norm_op1                            0x08000bc3   Thumb Code    96  btod.o(CL$$btod_d2e_norm_op1)
    __btod_div_common                        0x08000c23   Thumb Code   696  btod.o(CL$$btod_div_common)
    _e2e                                     0x08000f5b   Thumb Code   220  btod.o(CL$$btod_e2e)
    _btod_ediv                               0x08001037   Thumb Code    42  btod.o(CL$$btod_ediv)
    _btod_emul                               0x08001061   Thumb Code    42  btod.o(CL$$btod_emul)
    __btod_mult_common                       0x0800108b   Thumb Code   580  btod.o(CL$$btod_mult_common)
    ADC1_2_IRQHandler                        0x080012d1   Thumb Code    10  stm32f1xx_it.o(i.ADC1_2_IRQHandler)
    ADC_ConversionStop_Disable               0x080012e1   Thumb Code    92  stm32f1xx_hal_adc.o(i.ADC_ConversionStop_Disable)
    ADC_DMAConvCplt                          0x0800133d   Thumb Code    82  stm32f1xx_hal_adc.o(i.ADC_DMAConvCplt)
    ADC_DMAError                             0x0800138f   Thumb Code    30  stm32f1xx_hal_adc.o(i.ADC_DMAError)
    ADC_DMAHalfConvCplt                      0x080013ad   Thumb Code    14  stm32f1xx_hal_adc.o(i.ADC_DMAHalfConvCplt)
    ADC_Enable                               0x080013bd   Thumb Code   134  stm32f1xx_hal_adc.o(i.ADC_Enable)
    BusFault_Handler                         0x0800144d   Thumb Code     4  stm32f1xx_it.o(i.BusFault_Handler)
    DMA1_Channel1_IRQHandler                 0x08001451   Thumb Code    10  stm32f1xx_it.o(i.DMA1_Channel1_IRQHandler)
    DebugMon_Handler                         0x0800148d   Thumb Code     2  stm32f1xx_it.o(i.DebugMon_Handler)
    Delay                                    0x0800148f   Thumb Code    10  lcd.o(i.Delay)
    EXTI15_10_IRQHandler                     0x08001499   Thumb Code    44  stm32f1xx_it.o(i.EXTI15_10_IRQHandler)
    Error_Handler                            0x080014c5   Thumb Code     6  main.o(i.Error_Handler)
    HAL_ADCEx_Calibration_Start              0x080014cd   Thumb Code   276  stm32f1xx_hal_adc_ex.o(i.HAL_ADCEx_Calibration_Start)
    HAL_ADCEx_InjectedConvCpltCallback       0x080015e5   Thumb Code     2  stm32f1xx_hal_adc_ex.o(i.HAL_ADCEx_InjectedConvCpltCallback)
    HAL_ADC_ConfigChannel                    0x080015e9   Thumb Code   338  stm32f1xx_hal_adc.o(i.HAL_ADC_ConfigChannel)
    HAL_ADC_ConvCpltCallback                 0x08001749   Thumb Code     2  stm32f1xx_hal_adc.o(i.HAL_ADC_ConvCpltCallback)
    HAL_ADC_ConvHalfCpltCallback             0x0800174b   Thumb Code     2  stm32f1xx_hal_adc.o(i.HAL_ADC_ConvHalfCpltCallback)
    HAL_ADC_ErrorCallback                    0x0800174d   Thumb Code     2  stm32f1xx_hal_adc.o(i.HAL_ADC_ErrorCallback)
    HAL_ADC_IRQHandler                       0x0800174f   Thumb Code   290  stm32f1xx_hal_adc.o(i.HAL_ADC_IRQHandler)
    HAL_ADC_Init                             0x08001871   Thumb Code   314  stm32f1xx_hal_adc.o(i.HAL_ADC_Init)
    HAL_ADC_LevelOutOfWindowCallback         0x080019b5   Thumb Code     2  stm32f1xx_hal_adc.o(i.HAL_ADC_LevelOutOfWindowCallback)
    HAL_ADC_MspInit                          0x080019b9   Thumb Code   168  stm32f1xx_hal_msp.o(i.HAL_ADC_MspInit)
    HAL_ADC_Start_DMA                        0x08001a75   Thumb Code   362  stm32f1xx_hal_adc.o(i.HAL_ADC_Start_DMA)
    HAL_ADC_Start_IT                         0x08001bf5   Thumb Code   306  stm32f1xx_hal_adc.o(i.HAL_ADC_Start_IT)
    HAL_DMA_Abort                            0x08001d31   Thumb Code    86  stm32f1xx_hal_dma.o(i.HAL_DMA_Abort)
    HAL_DMA_Abort_IT                         0x08001d89   Thumb Code   172  stm32f1xx_hal_dma.o(i.HAL_DMA_Abort_IT)
    HAL_DMA_IRQHandler                       0x08001e39   Thumb Code   408  stm32f1xx_hal_dma.o(i.HAL_DMA_IRQHandler)
    HAL_DMA_Init                             0x08001fd5   Thumb Code   100  stm32f1xx_hal_dma.o(i.HAL_DMA_Init)
    HAL_DMA_Start_IT                         0x0800203d   Thumb Code   156  stm32f1xx_hal_dma.o(i.HAL_DMA_Start_IT)
    HAL_Delay                                0x080020d9   Thumb Code    36  stm32f1xx_hal.o(i.HAL_Delay)
    HAL_GPIO_EXTI_Callback                   0x08002101   Thumb Code    94  stm32f1xx_it.o(i.HAL_GPIO_EXTI_Callback)
    HAL_GPIO_EXTI_IRQHandler                 0x0800216d   Thumb Code    24  stm32f1xx_hal_gpio.o(i.HAL_GPIO_EXTI_IRQHandler)
    HAL_GPIO_Init                            0x08002189   Thumb Code   750  stm32f1xx_hal_gpio.o(i.HAL_GPIO_Init)
    HAL_GPIO_ReadPin                         0x08002495   Thumb Code    16  stm32f1xx_hal_gpio.o(i.HAL_GPIO_ReadPin)
    HAL_GPIO_WritePin                        0x080024a5   Thumb Code    12  stm32f1xx_hal_gpio.o(i.HAL_GPIO_WritePin)
    HAL_GetTick                              0x080024b1   Thumb Code     6  stm32f1xx_hal.o(i.HAL_GetTick)
    HAL_IncTick                              0x080024bd   Thumb Code    16  stm32f1xx_hal.o(i.HAL_IncTick)
    HAL_Init                                 0x080024d5   Thumb Code    34  stm32f1xx_hal.o(i.HAL_Init)
    HAL_InitTick                             0x080024fd   Thumb Code    64  stm32f1xx_hal.o(i.HAL_InitTick)
    HAL_MspInit                              0x08002549   Thumb Code    76  stm32f1xx_hal_msp.o(i.HAL_MspInit)
    HAL_NVIC_EnableIRQ                       0x0800259d   Thumb Code    32  stm32f1xx_hal_cortex.o(i.HAL_NVIC_EnableIRQ)
    HAL_NVIC_SetPriority                     0x080025bd   Thumb Code   124  stm32f1xx_hal_cortex.o(i.HAL_NVIC_SetPriority)
    HAL_NVIC_SetPriorityGrouping             0x08002639   Thumb Code    32  stm32f1xx_hal_cortex.o(i.HAL_NVIC_SetPriorityGrouping)
    HAL_RCCEx_GetPeriphCLKFreq               0x08002661   Thumb Code   248  stm32f1xx_hal_rcc_ex.o(i.HAL_RCCEx_GetPeriphCLKFreq)
    HAL_RCCEx_PeriphCLKConfig                0x08002779   Thumb Code   290  stm32f1xx_hal_rcc_ex.o(i.HAL_RCCEx_PeriphCLKConfig)
    HAL_RCC_ClockConfig                      0x080028a9   Thumb Code   376  stm32f1xx_hal_rcc.o(i.HAL_RCC_ClockConfig)
    HAL_RCC_GetHCLKFreq                      0x08002a35   Thumb Code     6  stm32f1xx_hal_rcc.o(i.HAL_RCC_GetHCLKFreq)
    HAL_RCC_GetPCLK1Freq                     0x08002a41   Thumb Code    22  stm32f1xx_hal_rcc.o(i.HAL_RCC_GetPCLK1Freq)
    HAL_RCC_GetPCLK2Freq                     0x08002a61   Thumb Code    22  stm32f1xx_hal_rcc.o(i.HAL_RCC_GetPCLK2Freq)
    HAL_RCC_GetSysClockFreq                  0x08002a81   Thumb Code   116  stm32f1xx_hal_rcc.o(i.HAL_RCC_GetSysClockFreq)
    HAL_RCC_OscConfig                        0x08002b15   Thumb Code  1114  stm32f1xx_hal_rcc.o(i.HAL_RCC_OscConfig)
    HAL_SYSTICK_Config                       0x08002f79   Thumb Code    52  stm32f1xx_hal_cortex.o(i.HAL_SYSTICK_Config)
    HAL_TIMEx_BreakCallback                  0x08002fad   Thumb Code     2  stm32f1xx_hal_tim_ex.o(i.HAL_TIMEx_BreakCallback)
    HAL_TIMEx_CommutCallback                 0x08002faf   Thumb Code     2  stm32f1xx_hal_tim_ex.o(i.HAL_TIMEx_CommutCallback)
    HAL_TIMEx_MasterConfigSynchronization    0x08002fb1   Thumb Code   110  stm32f1xx_hal_tim_ex.o(i.HAL_TIMEx_MasterConfigSynchronization)
    HAL_TIM_Base_Init                        0x08003029   Thumb Code   102  stm32f1xx_hal_tim.o(i.HAL_TIM_Base_Init)
    HAL_TIM_Base_MspInit                     0x08003091   Thumb Code   160  stm32f1xx_hal_msp.o(i.HAL_TIM_Base_MspInit)
    HAL_TIM_Base_Start_IT                    0x08003139   Thumb Code    98  stm32f1xx_hal_tim.o(i.HAL_TIM_Base_Start_IT)
    HAL_TIM_ConfigClockSource                0x080031a5   Thumb Code   264  stm32f1xx_hal_tim.o(i.HAL_TIM_ConfigClockSource)
    HAL_TIM_IC_CaptureCallback               0x080032ad   Thumb Code     2  stm32f1xx_hal_tim.o(i.HAL_TIM_IC_CaptureCallback)
    HAL_TIM_IRQHandler                       0x080032af   Thumb Code   406  stm32f1xx_hal_tim.o(i.HAL_TIM_IRQHandler)
    HAL_TIM_OC_DelayElapsedCallback          0x08003445   Thumb Code     2  stm32f1xx_hal_tim.o(i.HAL_TIM_OC_DelayElapsedCallback)
    HAL_TIM_PWM_PulseFinishedCallback        0x08003447   Thumb Code     2  stm32f1xx_hal_tim.o(i.HAL_TIM_PWM_PulseFinishedCallback)
    HAL_TIM_PeriodElapsedCallback            0x08003449   Thumb Code    36  stm32f1xx_it.o(i.HAL_TIM_PeriodElapsedCallback)
    HAL_TIM_TriggerCallback                  0x08003481   Thumb Code     2  stm32f1xx_hal_tim.o(i.HAL_TIM_TriggerCallback)
    HAL_UARTEx_RxEventCallback               0x08003483   Thumb Code     2  stm32f1xx_hal_uart.o(i.HAL_UARTEx_RxEventCallback)
    HAL_UART_ErrorCallback                   0x08003485   Thumb Code     2  stm32f1xx_hal_uart.o(i.HAL_UART_ErrorCallback)
    HAL_UART_IRQHandler                      0x08003489   Thumb Code   582  stm32f1xx_hal_uart.o(i.HAL_UART_IRQHandler)
    HAL_UART_Init                            0x080036d5   Thumb Code   114  stm32f1xx_hal_uart.o(i.HAL_UART_Init)
    HAL_UART_MspInit                         0x08003749   Thumb Code   138  stm32f1xx_hal_msp.o(i.HAL_UART_MspInit)
    HAL_UART_Receive_IT                      0x080037e1   Thumb Code    66  stm32f1xx_hal_uart.o(i.HAL_UART_Receive_IT)
    HAL_UART_RxCpltCallback                  0x08003825   Thumb Code    62  main.o(i.HAL_UART_RxCpltCallback)
    HAL_UART_Transmit                        0x08003871   Thumb Code   210  stm32f1xx_hal_uart.o(i.HAL_UART_Transmit)
    HAL_UART_TxCpltCallback                  0x08003943   Thumb Code     2  stm32f1xx_hal_uart.o(i.HAL_UART_TxCpltCallback)
    HardFault_Handler                        0x08003945   Thumb Code     4  stm32f1xx_it.o(i.HardFault_Handler)
    MemManage_Handler                        0x08003bfd   Thumb Code     4  stm32f1xx_it.o(i.MemManage_Handler)
    NMI_Handler                              0x08003c01   Thumb Code     4  stm32f1xx_it.o(i.NMI_Handler)
    PendSV_Handler                           0x08003c05   Thumb Code     2  stm32f1xx_it.o(i.PendSV_Handler)
    SVC_Handler                              0x08003c31   Thumb Code     2  stm32f1xx_it.o(i.SVC_Handler)
    SysTick_Handler                          0x08003c33   Thumb Code     8  stm32f1xx_it.o(i.SysTick_Handler)
    SystemClock_Config                       0x08003c3b   Thumb Code   110  main.o(i.SystemClock_Config)
    SystemInit                               0x08003ca9   Thumb Code     2  system_stm32f1xx.o(i.SystemInit)
    TIM1_BRK_IRQHandler                      0x08003cad   Thumb Code    10  stm32f1xx_it.o(i.TIM1_BRK_IRQHandler)
    TIM1_CC_IRQHandler                       0x08003cbd   Thumb Code    10  stm32f1xx_it.o(i.TIM1_CC_IRQHandler)
    TIM1_TRG_COM_IRQHandler                  0x08003ccd   Thumb Code    10  stm32f1xx_it.o(i.TIM1_TRG_COM_IRQHandler)
    TIM1_UP_IRQHandler                       0x08003cdd   Thumb Code    10  stm32f1xx_it.o(i.TIM1_UP_IRQHandler)
    TIM2_IRQHandler                          0x08003ced   Thumb Code    10  stm32f1xx_it.o(i.TIM2_IRQHandler)
    TIM_Base_SetConfig                       0x08003cfd   Thumb Code    92  stm32f1xx_hal_tim.o(i.TIM_Base_SetConfig)
    TIM_ETR_SetConfig                        0x08003d61   Thumb Code    22  stm32f1xx_hal_tim.o(i.TIM_ETR_SetConfig)
    UART_Start_Receive_IT                    0x08004021   Thumb Code    70  stm32f1xx_hal_uart.o(i.UART_Start_Receive_IT)
    USART1_IRQHandler                        0x08004135   Thumb Code    10  stm32f1xx_it.o(i.USART1_IRQHandler)
    UsageFault_Handler                       0x08004145   Thumb Code     4  stm32f1xx_it.o(i.UsageFault_Handler)
    __ARM_fpclassify                         0x08004149   Thumb Code    40  fpclassify.o(i.__ARM_fpclassify)
    close_door                               0x080041a9   Thumb Code    26  main.o(i.close_door)
    delay_us                                 0x080041c9   Thumb Code    22  main.o(i.delay_us)
    find_arrival_target                      0x080041e5   Thumb Code    30  main.o(i.find_arrival_target)
    init_system                              0x08004209   Thumb Code    82  main.o(i.init_system)
    lcd_char_cp                              0x08004295   Thumb Code   332  lcd.o(i.lcd_char_cp)
    lcd_cmd                                  0x080043e5   Thumb Code   326  lcd.o(i.lcd_cmd)
    lcd_delay                                0x08004531   Thumb Code    12  lcd.o(i.lcd_delay)
    lcd_gotoxy                               0x0800453d   Thumb Code    38  lcd.o(i.lcd_gotoxy)
    lcd_init                                 0x08004563   Thumb Code    96  lcd.o(i.lcd_init)
    lcd_out_cp                               0x080045c3   Thumb Code    30  lcd.o(i.lcd_out_cp)
    lcd_print                                0x080045e1   Thumb Code    24  lcd.o(i.lcd_print)
    main                                     0x080045f9   Thumb Code   466  main.o(i.main)
    open_door                                0x08004855   Thumb Code    26  main.o(i.open_door)
    run_buzzer                               0x08004875   Thumb Code    62  main.o(i.run_buzzer)
    run_door_logic                           0x080048bd   Thumb Code    74  main.o(i.run_door_logic)
    run_floor_logic                          0x0800491d   Thumb Code   254  main.o(i.run_floor_logic)
    run_smart_movement_algorithm             0x08004a31   Thumb Code    76  main.o(i.run_smart_movement_algorithm)
    sensor_read                              0x08004a8d   Thumb Code   134  main.o(i.sensor_read)
    update_floor                             0x08004b21   Thumb Code   214  main.o(i.update_floor)
    update_up_down                           0x08004c5d   Thumb Code   100  main.o(i.update_up_down)
    _get_lc_numeric                          0x08004cf1   Thumb Code    44  lc_numeric_c.o(locale$$code)
    __aeabi_d2f                              0x08004d1d   Thumb Code     0  d2f.o(x$fpl$d2f)
    _d2f                                     0x08004d1d   Thumb Code    98  d2f.o(x$fpl$d2f)
    __aeabi_dmul                             0x08004d81   Thumb Code     0  dmul.o(x$fpl$dmul)
    _dmul                                    0x08004d81   Thumb Code   332  dmul.o(x$fpl$dmul)
    __fpl_dnaninf                            0x08004ed5   Thumb Code   156  dnaninf.o(x$fpl$dnaninf)
    __fpl_dretinf                            0x08004f71   Thumb Code    12  dretinf.o(x$fpl$dretinf)
    __aeabi_f2d                              0x08004f7d   Thumb Code     0  f2d.o(x$fpl$f2d)
    _f2d                                     0x08004f7d   Thumb Code    86  f2d.o(x$fpl$f2d)
    __fpl_fcmp_Inf                           0x08004fd3   Thumb Code    24  fcmpi.o(x$fpl$fcmpinf)
    __aeabi_cfcmpeq                          0x08004fed   Thumb Code     0  feqf.o(x$fpl$feqf)
    _fcmpeq                                  0x08004fed   Thumb Code   104  feqf.o(x$fpl$feqf)
    __aeabi_ui2f                             0x08005055   Thumb Code     0  fflt_clz.o(x$fpl$ffltu)
    _ffltu                                   0x08005055   Thumb Code    38  fflt_clz.o(x$fpl$ffltu)
    __aeabi_cfcmple                          0x0800507d   Thumb Code     0  fleqf.o(x$fpl$fleqf)
    _fcmple                                  0x0800507d   Thumb Code   104  fleqf.o(x$fpl$fleqf)
    __fpl_fcmple_InfNaN                      0x080050cf   Thumb Code     0  fleqf.o(x$fpl$fleqf)
    __fpl_fnaninf                            0x080050e5   Thumb Code   140  fnaninf.o(x$fpl$fnaninf)
    __fpl_fretinf                            0x08005171   Thumb Code    10  fretinf.o(x$fpl$fretinf)
    __aeabi_cfrcmple                         0x0800517b   Thumb Code     0  frleqf.o(x$fpl$frleqf)
    _frcmple                                 0x0800517b   Thumb Code    98  frleqf.o(x$fpl$frleqf)
    _printf_fp_dec                           0x080051dd   Thumb Code     4  printf1.o(x$fpl$printf1)
    AHBPrescTable                            0x080051e0   Data          16  system_stm32f1xx.o(.constdata)
    __I$use$fp                               0x080051e0   Number         0  usenofp.o(x$fpl$usenofp)
    APBPrescTable                            0x080051f0   Data           8  system_stm32f1xx.o(.constdata)
    Region$$Table$$Base                      0x08005370   Number         0  anon$$obj.o(Region$$Table)
    Region$$Table$$Limit                     0x08005390   Number         0  anon$$obj.o(Region$$Table)
    current_floor                            0x20000000   Data           2  main.o(.data)
    target_floor_array                       0x20000002   Data           6  main.o(.data)
    up                                       0x20000008   Data           1  main.o(.data)
    down                                     0x20000009   Data           1  main.o(.data)
    door_request_array                       0x2000000a   Data           3  main.o(.data)
    adc_read                                 0x20000010   Data           4  main.o(.data)
    transmit_flag                            0x20000014   Data           1  main.o(.data)
    delay_percent                            0x20000016   Data           2  main.o(.data)
    delay                                    0x20000018   Data           2  main.o(.data)
    distance                                 0x2000001c   Data           4  main.o(.data)
    ten_arrival_counters                     0x20000020   Data           3  main.o(.data)
    arrival_counter                          0x20000023   Data           1  main.o(.data)
    arrival_target                           0x20000024   Data           1  main.o(.data)
    is_smart_move                            0x20000025   Data           1  main.o(.data)
    flag                                     0x20000026   Data           1  main.o(.data)
    is_flame_sensor                          0x20000027   Data           1  main.o(.data)
    is_gas_sensor                            0x20000028   Data           1  main.o(.data)
    data_receive                             0x20000029   Data           1  main.o(.data)
    len                                      0x2000002c   Data           4  main.o(.data)
    uwTick                                   0x20000030   Data           4  stm32f1xx_hal.o(.data)
    uwTickPrio                               0x20000034   Data           4  stm32f1xx_hal.o(.data)
    uwTickFreq                               0x20000038   Data           1  stm32f1xx_hal.o(.data)
    SystemCoreClock                          0x2000003c   Data           4  system_stm32f1xx.o(.data)
    hadc1                                    0x20000040   Data          48  main.o(.bss)
    hdma_adc1                                0x20000070   Data          68  main.o(.bss)
    htim1                                    0x200000b4   Data          72  main.o(.bss)
    htim2                                    0x200000fc   Data          72  main.o(.bss)
    huart1                                   0x20000144   Data          68  main.o(.bss)
    last_ten_arrivals                        0x20000188   Data          10  main.o(.bss)
    data_transmit                            0x20000192   Data         256  main.o(.bss)
    data_floor                               0x20000292   Data         256  main.o(.bss)
    __libspace_start                         0x20000394   Data          96  libspace.o(.bss)
    __temporary_stack_top$libspace           0x200003f4   Data           0  libspace.o(.bss)



==============================================================================

Memory Map of the image

  Image Entry point : 0x080000ed

  Load Region LR_IROM1 (Base: 0x08000000, Size: 0x000053ec, Max: 0x00008000, ABSOLUTE)

    Execution Region ER_IROM1 (Exec base: 0x08000000, Load base: 0x08000000, Size: 0x000053ac, Max: 0x00008000, ABSOLUTE)

    Exec Addr    Load Addr    Size         Type   Attr      Idx    E Section Name        Object

    0x08000000   0x08000000   0x000000ec   Data   RO            3    RESET               startup_stm32f103x6.o
    0x080000ec   0x080000ec   0x00000008   Code   RO         3306  * !!!main             c_w.l(__main.o)
    0x080000f4   0x080000f4   0x00000034   Code   RO         3550    !!!scatter          c_w.l(__scatter.o)
    0x08000128   0x08000128   0x0000001a   Code   RO         3552    !!handler_copy      c_w.l(__scatter_copy.o)
    0x08000142   0x08000142   0x00000002   PAD
    0x08000144   0x08000144   0x0000001c   Code   RO         3554    !!handler_zi        c_w.l(__scatter_zi.o)
    0x08000160   0x08000160   0x00000000   Code   RO         3301    .ARM.Collect$$_printf_percent$$00000000  c_w.l(_printf_percent.o)
    0x08000160   0x08000160   0x00000006   Code   RO         3300    .ARM.Collect$$_printf_percent$$00000003  c_w.l(_printf_f.o)
    0x08000166   0x08000166   0x00000006   Code   RO         3299    .ARM.Collect$$_printf_percent$$00000009  c_w.l(_printf_d.o)
    0x0800016c   0x0800016c   0x00000004   Code   RO         3337    .ARM.Collect$$_printf_percent$$00000017  c_w.l(_printf_percent_end.o)
    0x08000170   0x08000170   0x00000002   Code   RO         3421    .ARM.Collect$$libinit$$00000000  c_w.l(libinit.o)
    0x08000172   0x08000172   0x00000000   Code   RO         3423    .ARM.Collect$$libinit$$00000002  c_w.l(libinit2.o)
    0x08000172   0x08000172   0x00000000   Code   RO         3425    .ARM.Collect$$libinit$$00000004  c_w.l(libinit2.o)
    0x08000172   0x08000172   0x00000000   Code   RO         3428    .ARM.Collect$$libinit$$0000000A  c_w.l(libinit2.o)
    0x08000172   0x08000172   0x00000000   Code   RO         3430    .ARM.Collect$$libinit$$0000000C  c_w.l(libinit2.o)
    0x08000172   0x08000172   0x00000000   Code   RO         3432    .ARM.Collect$$libinit$$0000000E  c_w.l(libinit2.o)
    0x08000172   0x08000172   0x00000006   Code   RO         3433    .ARM.Collect$$libinit$$0000000F  c_w.l(libinit2.o)
    0x08000178   0x08000178   0x00000000   Code   RO         3435    .ARM.Collect$$libinit$$00000011  c_w.l(libinit2.o)
    0x08000178   0x08000178   0x00000000   Code   RO         3437    .ARM.Collect$$libinit$$00000013  c_w.l(libinit2.o)
    0x08000178   0x08000178   0x00000000   Code   RO         3439    .ARM.Collect$$libinit$$00000015  c_w.l(libinit2.o)
    0x08000178   0x08000178   0x0000000a   Code   RO         3440    .ARM.Collect$$libinit$$00000016  c_w.l(libinit2.o)
    0x08000182   0x08000182   0x00000000   Code   RO         3441    .ARM.Collect$$libinit$$00000017  c_w.l(libinit2.o)
    0x08000182   0x08000182   0x00000000   Code   RO         3443    .ARM.Collect$$libinit$$00000019  c_w.l(libinit2.o)
    0x08000182   0x08000182   0x00000000   Code   RO         3445    .ARM.Collect$$libinit$$0000001B  c_w.l(libinit2.o)
    0x08000182   0x08000182   0x00000000   Code   RO         3447    .ARM.Collect$$libinit$$0000001D  c_w.l(libinit2.o)
    0x08000182   0x08000182   0x00000000   Code   RO         3449    .ARM.Collect$$libinit$$0000001F  c_w.l(libinit2.o)
    0x08000182   0x08000182   0x00000000   Code   RO         3451    .ARM.Collect$$libinit$$00000021  c_w.l(libinit2.o)
    0x08000182   0x08000182   0x00000000   Code   RO         3453    .ARM.Collect$$libinit$$00000023  c_w.l(libinit2.o)
    0x08000182   0x08000182   0x00000000   Code   RO         3455    .ARM.Collect$$libinit$$00000025  c_w.l(libinit2.o)
    0x08000182   0x08000182   0x00000000   Code   RO         3459    .ARM.Collect$$libinit$$0000002C  c_w.l(libinit2.o)
    0x08000182   0x08000182   0x00000000   Code   RO         3461    .ARM.Collect$$libinit$$0000002E  c_w.l(libinit2.o)
    0x08000182   0x08000182   0x00000000   Code   RO         3463    .ARM.Collect$$libinit$$00000030  c_w.l(libinit2.o)
    0x08000182   0x08000182   0x00000000   Code   RO         3465    .ARM.Collect$$libinit$$00000032  c_w.l(libinit2.o)
    0x08000182   0x08000182   0x00000002   Code   RO         3466    .ARM.Collect$$libinit$$00000033  c_w.l(libinit2.o)
    0x08000184   0x08000184   0x00000002   Code   RO         3496    .ARM.Collect$$libshutdown$$00000000  c_w.l(libshutdown.o)
    0x08000186   0x08000186   0x00000000   Code   RO         3507    .ARM.Collect$$libshutdown$$00000002  c_w.l(libshutdown2.o)
    0x08000186   0x08000186   0x00000000   Code   RO         3509    .ARM.Collect$$libshutdown$$00000004  c_w.l(libshutdown2.o)
    0x08000186   0x08000186   0x00000000   Code   RO         3511    .ARM.Collect$$libshutdown$$00000006  c_w.l(libshutdown2.o)
    0x08000186   0x08000186   0x00000000   Code   RO         3514    .ARM.Collect$$libshutdown$$00000009  c_w.l(libshutdown2.o)
    0x08000186   0x08000186   0x00000000   Code   RO         3517    .ARM.Collect$$libshutdown$$0000000C  c_w.l(libshutdown2.o)
    0x08000186   0x08000186   0x00000000   Code   RO         3519    .ARM.Collect$$libshutdown$$0000000E  c_w.l(libshutdown2.o)
    0x08000186   0x08000186   0x00000000   Code   RO         3522    .ARM.Collect$$libshutdown$$00000011  c_w.l(libshutdown2.o)
    0x08000186   0x08000186   0x00000002   Code   RO         3523    .ARM.Collect$$libshutdown$$00000012  c_w.l(libshutdown2.o)
    0x08000188   0x08000188   0x00000000   Code   RO         3328    .ARM.Collect$$rtentry$$00000000  c_w.l(__rtentry.o)
    0x08000188   0x08000188   0x00000000   Code   RO         3350    .ARM.Collect$$rtentry$$00000002  c_w.l(__rtentry2.o)
    0x08000188   0x08000188   0x00000006   Code   RO         3362    .ARM.Collect$$rtentry$$00000004  c_w.l(__rtentry4.o)
    0x0800018e   0x0800018e   0x00000000   Code   RO         3352    .ARM.Collect$$rtentry$$00000009  c_w.l(__rtentry2.o)
    0x0800018e   0x0800018e   0x00000004   Code   RO         3353    .ARM.Collect$$rtentry$$0000000A  c_w.l(__rtentry2.o)
    0x08000192   0x08000192   0x00000000   Code   RO         3355    .ARM.Collect$$rtentry$$0000000C  c_w.l(__rtentry2.o)
    0x08000192   0x08000192   0x00000008   Code   RO         3356    .ARM.Collect$$rtentry$$0000000D  c_w.l(__rtentry2.o)
    0x0800019a   0x0800019a   0x00000002   Code   RO         3467    .ARM.Collect$$rtexit$$00000000  c_w.l(rtexit.o)
    0x0800019c   0x0800019c   0x00000000   Code   RO         3474    .ARM.Collect$$rtexit$$00000002  c_w.l(rtexit2.o)
    0x0800019c   0x0800019c   0x00000004   Code   RO         3475    .ARM.Collect$$rtexit$$00000003  c_w.l(rtexit2.o)
    0x080001a0   0x080001a0   0x00000006   Code   RO         3476    .ARM.Collect$$rtexit$$00000004  c_w.l(rtexit2.o)
    0x080001a6   0x080001a6   0x00000002   PAD
    0x080001a8   0x080001a8   0x00000040   Code   RO            4    .text               startup_stm32f103x6.o
    0x080001e8   0x080001e8   0x0000002c   Code   RO         3271    .text               c_w.l(__2sprintf.o)
    0x08000214   0x08000214   0x00000068   Code   RO         3275    .text               c_w.l(__printf.o)
    0x0800027c   0x0800027c   0x00000078   Code   RO         3277    .text               c_w.l(_printf_dec.o)
    0x080002f4   0x080002f4   0x0000004e   Code   RO         3302    .text               c_w.l(rt_memclr_w.o)
    0x08000342   0x08000342   0x00000006   Code   RO         3304    .text               c_w.l(heapauxi.o)
    0x08000348   0x08000348   0x000000b2   Code   RO         3329    .text               c_w.l(_printf_intcommon.o)
    0x080003fa   0x080003fa   0x0000041e   Code   RO         3331    .text               c_w.l(_printf_fp_dec.o)
    0x08000818   0x08000818   0x00000030   Code   RO         3333    .text               c_w.l(_printf_char_common.o)
    0x08000848   0x08000848   0x0000000a   Code   RO         3335    .text               c_w.l(_sputc.o)
    0x08000852   0x08000852   0x00000002   PAD
    0x08000854   0x08000854   0x00000008   Code   RO         3367    .text               c_w.l(rt_locale_intlibspace.o)
    0x0800085c   0x0800085c   0x0000008a   Code   RO         3369    .text               c_w.l(lludiv10.o)
    0x080008e6   0x080008e6   0x00000002   PAD
    0x080008e8   0x080008e8   0x00000080   Code   RO         3371    .text               c_w.l(_printf_fp_infnan.o)
    0x08000968   0x08000968   0x000000e4   Code   RO         3375    .text               c_w.l(bigflt0.o)
    0x08000a4c   0x08000a4c   0x00000008   Code   RO         3407    .text               c_w.l(libspace.o)
    0x08000a54   0x08000a54   0x0000004a   Code   RO         3410    .text               c_w.l(sys_stackheap_outer.o)
    0x08000a9e   0x08000a9e   0x00000012   Code   RO         3412    .text               c_w.l(exit.o)
    0x08000ab0   0x08000ab0   0x00000080   Code   RO         3414    .text               c_w.l(strcmpv7m.o)
    0x08000b30   0x08000b30   0x0000000c   Code   RO         3486    .text               c_w.l(sys_exit.o)
    0x08000b3c   0x08000b3c   0x00000002   Code   RO         3497    .text               c_w.l(use_no_semi.o)
    0x08000b3e   0x08000b3e   0x00000000   Code   RO         3499    .text               c_w.l(indicate_semi.o)
    0x08000b3e   0x08000b3e   0x0000003e   Code   RO         3378    CL$$btod_d2e        c_w.l(btod.o)
    0x08000b7c   0x08000b7c   0x00000046   Code   RO         3380    CL$$btod_d2e_denorm_low  c_w.l(btod.o)
    0x08000bc2   0x08000bc2   0x00000060   Code   RO         3379    CL$$btod_d2e_norm_op1  c_w.l(btod.o)
    0x08000c22   0x08000c22   0x00000338   Code   RO         3388    CL$$btod_div_common  c_w.l(btod.o)
    0x08000f5a   0x08000f5a   0x000000dc   Code   RO         3385    CL$$btod_e2e        c_w.l(btod.o)
    0x08001036   0x08001036   0x0000002a   Code   RO         3382    CL$$btod_ediv       c_w.l(btod.o)
    0x08001060   0x08001060   0x0000002a   Code   RO         3381    CL$$btod_emul       c_w.l(btod.o)
    0x0800108a   0x0800108a   0x00000244   Code   RO         3387    CL$$btod_mult_common  c_w.l(btod.o)
    0x080012ce   0x080012ce   0x00000002   PAD
    0x080012d0   0x080012d0   0x00000010   Code   RO          361    i.ADC1_2_IRQHandler  stm32f1xx_it.o
    0x080012e0   0x080012e0   0x0000005c   Code   RO          600    i.ADC_ConversionStop_Disable  stm32f1xx_hal_adc.o
    0x0800133c   0x0800133c   0x00000052   Code   RO          601    i.ADC_DMAConvCplt   stm32f1xx_hal_adc.o
    0x0800138e   0x0800138e   0x0000001e   Code   RO          602    i.ADC_DMAError      stm32f1xx_hal_adc.o
    0x080013ac   0x080013ac   0x0000000e   Code   RO          603    i.ADC_DMAHalfConvCplt  stm32f1xx_hal_adc.o
    0x080013ba   0x080013ba   0x00000002   PAD
    0x080013bc   0x080013bc   0x00000090   Code   RO          604    i.ADC_Enable        stm32f1xx_hal_adc.o
    0x0800144c   0x0800144c   0x00000004   Code   RO          362    i.BusFault_Handler  stm32f1xx_it.o
    0x08001450   0x08001450   0x00000010   Code   RO          363    i.DMA1_Channel1_IRQHandler  stm32f1xx_it.o
    0x08001460   0x08001460   0x0000002c   Code   RO         1259    i.DMA_SetConfig     stm32f1xx_hal_dma.o
    0x0800148c   0x0800148c   0x00000002   Code   RO          364    i.DebugMon_Handler  stm32f1xx_it.o
    0x0800148e   0x0800148e   0x0000000a   Code   RO           13    i.Delay             lcd.o
    0x08001498   0x08001498   0x0000002c   Code   RO          365    i.EXTI15_10_IRQHandler  stm32f1xx_it.o
    0x080014c4   0x080014c4   0x00000006   Code   RO          201    i.Error_Handler     main.o
    0x080014ca   0x080014ca   0x00000002   PAD
    0x080014cc   0x080014cc   0x00000118   Code   RO          780    i.HAL_ADCEx_Calibration_Start  stm32f1xx_hal_adc_ex.o
    0x080015e4   0x080015e4   0x00000002   Code   RO          782    i.HAL_ADCEx_InjectedConvCpltCallback  stm32f1xx_hal_adc_ex.o
    0x080015e6   0x080015e6   0x00000002   PAD
    0x080015e8   0x080015e8   0x00000160   Code   RO          606    i.HAL_ADC_ConfigChannel  stm32f1xx_hal_adc.o
    0x08001748   0x08001748   0x00000002   Code   RO          607    i.HAL_ADC_ConvCpltCallback  stm32f1xx_hal_adc.o
    0x0800174a   0x0800174a   0x00000002   Code   RO          608    i.HAL_ADC_ConvHalfCpltCallback  stm32f1xx_hal_adc.o
    0x0800174c   0x0800174c   0x00000002   Code   RO          610    i.HAL_ADC_ErrorCallback  stm32f1xx_hal_adc.o
    0x0800174e   0x0800174e   0x00000122   Code   RO          614    i.HAL_ADC_IRQHandler  stm32f1xx_hal_adc.o
    0x08001870   0x08001870   0x00000144   Code   RO          615    i.HAL_ADC_Init      stm32f1xx_hal_adc.o
    0x080019b4   0x080019b4   0x00000002   Code   RO          616    i.HAL_ADC_LevelOutOfWindowCallback  stm32f1xx_hal_adc.o
    0x080019b6   0x080019b6   0x00000002   PAD
    0x080019b8   0x080019b8   0x000000bc   Code   RO          504    i.HAL_ADC_MspInit   stm32f1xx_hal_msp.o
    0x08001a74   0x08001a74   0x00000180   Code   RO          622    i.HAL_ADC_Start_DMA  stm32f1xx_hal_adc.o
    0x08001bf4   0x08001bf4   0x0000013c   Code   RO          623    i.HAL_ADC_Start_IT  stm32f1xx_hal_adc.o
    0x08001d30   0x08001d30   0x00000056   Code   RO         1260    i.HAL_DMA_Abort     stm32f1xx_hal_dma.o
    0x08001d86   0x08001d86   0x00000002   PAD
    0x08001d88   0x08001d88   0x000000b0   Code   RO         1261    i.HAL_DMA_Abort_IT  stm32f1xx_hal_dma.o
    0x08001e38   0x08001e38   0x0000019c   Code   RO         1265    i.HAL_DMA_IRQHandler  stm32f1xx_hal_dma.o
    0x08001fd4   0x08001fd4   0x00000068   Code   RO         1266    i.HAL_DMA_Init      stm32f1xx_hal_dma.o
    0x0800203c   0x0800203c   0x0000009c   Code   RO         1270    i.HAL_DMA_Start_IT  stm32f1xx_hal_dma.o
    0x080020d8   0x080020d8   0x00000028   Code   RO          883    i.HAL_Delay         stm32f1xx_hal.o
    0x08002100   0x08002100   0x0000006c   Code   RO          366    i.HAL_GPIO_EXTI_Callback  stm32f1xx_it.o
    0x0800216c   0x0800216c   0x0000001c   Code   RO         1195    i.HAL_GPIO_EXTI_IRQHandler  stm32f1xx_hal_gpio.o
    0x08002188   0x08002188   0x0000030c   Code   RO         1196    i.HAL_GPIO_Init     stm32f1xx_hal_gpio.o
    0x08002494   0x08002494   0x00000010   Code   RO         1198    i.HAL_GPIO_ReadPin  stm32f1xx_hal_gpio.o
    0x080024a4   0x080024a4   0x0000000c   Code   RO         1200    i.HAL_GPIO_WritePin  stm32f1xx_hal_gpio.o
    0x080024b0   0x080024b0   0x0000000c   Code   RO          887    i.HAL_GetTick       stm32f1xx_hal.o
    0x080024bc   0x080024bc   0x00000018   Code   RO          893    i.HAL_IncTick       stm32f1xx_hal.o
    0x080024d4   0x080024d4   0x00000028   Code   RO          894    i.HAL_Init          stm32f1xx_hal.o
    0x080024fc   0x080024fc   0x0000004c   Code   RO          895    i.HAL_InitTick      stm32f1xx_hal.o
    0x08002548   0x08002548   0x00000054   Code   RO          505    i.HAL_MspInit       stm32f1xx_hal_msp.o
    0x0800259c   0x0800259c   0x00000020   Code   RO         1356    i.HAL_NVIC_EnableIRQ  stm32f1xx_hal_cortex.o
    0x080025bc   0x080025bc   0x0000007c   Code   RO         1362    i.HAL_NVIC_SetPriority  stm32f1xx_hal_cortex.o
    0x08002638   0x08002638   0x00000028   Code   RO         1363    i.HAL_NVIC_SetPriorityGrouping  stm32f1xx_hal_cortex.o
    0x08002660   0x08002660   0x00000118   Code   RO         1158    i.HAL_RCCEx_GetPeriphCLKFreq  stm32f1xx_hal_rcc_ex.o
    0x08002778   0x08002778   0x00000130   Code   RO         1159    i.HAL_RCCEx_PeriphCLKConfig  stm32f1xx_hal_rcc_ex.o
    0x080028a8   0x080028a8   0x0000018c   Code   RO         1051    i.HAL_RCC_ClockConfig  stm32f1xx_hal_rcc.o
    0x08002a34   0x08002a34   0x0000000c   Code   RO         1056    i.HAL_RCC_GetHCLKFreq  stm32f1xx_hal_rcc.o
    0x08002a40   0x08002a40   0x00000020   Code   RO         1058    i.HAL_RCC_GetPCLK1Freq  stm32f1xx_hal_rcc.o
    0x08002a60   0x08002a60   0x00000020   Code   RO         1059    i.HAL_RCC_GetPCLK2Freq  stm32f1xx_hal_rcc.o
    0x08002a80   0x08002a80   0x00000094   Code   RO         1060    i.HAL_RCC_GetSysClockFreq  stm32f1xx_hal_rcc.o
    0x08002b14   0x08002b14   0x00000464   Code   RO         1063    i.HAL_RCC_OscConfig  stm32f1xx_hal_rcc.o
    0x08002f78   0x08002f78   0x00000034   Code   RO         1367    i.HAL_SYSTICK_Config  stm32f1xx_hal_cortex.o
    0x08002fac   0x08002fac   0x00000002   Code   RO         2599    i.HAL_TIMEx_BreakCallback  stm32f1xx_hal_tim_ex.o
    0x08002fae   0x08002fae   0x00000002   Code   RO         2600    i.HAL_TIMEx_CommutCallback  stm32f1xx_hal_tim_ex.o
    0x08002fb0   0x08002fb0   0x00000078   Code   RO         2618    i.HAL_TIMEx_MasterConfigSynchronization  stm32f1xx_hal_tim_ex.o
    0x08003028   0x08003028   0x00000066   Code   RO         1884    i.HAL_TIM_Base_Init  stm32f1xx_hal_tim.o
    0x0800308e   0x0800308e   0x00000002   PAD
    0x08003090   0x08003090   0x000000a8   Code   RO          507    i.HAL_TIM_Base_MspInit  stm32f1xx_hal_msp.o
    0x08003138   0x08003138   0x0000006c   Code   RO         1889    i.HAL_TIM_Base_Start_IT  stm32f1xx_hal_tim.o
    0x080031a4   0x080031a4   0x00000108   Code   RO         1893    i.HAL_TIM_ConfigClockSource  stm32f1xx_hal_tim.o
    0x080032ac   0x080032ac   0x00000002   Code   RO         1918    i.HAL_TIM_IC_CaptureCallback  stm32f1xx_hal_tim.o
    0x080032ae   0x080032ae   0x00000196   Code   RO         1932    i.HAL_TIM_IRQHandler  stm32f1xx_hal_tim.o
    0x08003444   0x08003444   0x00000002   Code   RO         1935    i.HAL_TIM_OC_DelayElapsedCallback  stm32f1xx_hal_tim.o
    0x08003446   0x08003446   0x00000002   Code   RO         1962    i.HAL_TIM_PWM_PulseFinishedCallback  stm32f1xx_hal_tim.o
    0x08003448   0x08003448   0x00000038   Code   RO          367    i.HAL_TIM_PeriodElapsedCallback  stm32f1xx_it.o
    0x08003480   0x08003480   0x00000002   Code   RO         1975    i.HAL_TIM_TriggerCallback  stm32f1xx_hal_tim.o
    0x08003482   0x08003482   0x00000002   Code   RO         2877    i.HAL_UARTEx_RxEventCallback  stm32f1xx_hal_uart.o
    0x08003484   0x08003484   0x00000002   Code   RO         2891    i.HAL_UART_ErrorCallback  stm32f1xx_hal_uart.o
    0x08003486   0x08003486   0x00000002   PAD
    0x08003488   0x08003488   0x0000024c   Code   RO         2894    i.HAL_UART_IRQHandler  stm32f1xx_hal_uart.o
    0x080036d4   0x080036d4   0x00000072   Code   RO         2895    i.HAL_UART_Init     stm32f1xx_hal_uart.o
    0x08003746   0x08003746   0x00000002   PAD
    0x08003748   0x08003748   0x00000098   Code   RO          509    i.HAL_UART_MspInit  stm32f1xx_hal_msp.o
    0x080037e0   0x080037e0   0x00000042   Code   RO         2900    i.HAL_UART_Receive_IT  stm32f1xx_hal_uart.o
    0x08003822   0x08003822   0x00000002   PAD
    0x08003824   0x08003824   0x0000004c   Code   RO          202    i.HAL_UART_RxCpltCallback  main.o
    0x08003870   0x08003870   0x000000d2   Code   RO         2903    i.HAL_UART_Transmit  stm32f1xx_hal_uart.o
    0x08003942   0x08003942   0x00000002   Code   RO         2906    i.HAL_UART_TxCpltCallback  stm32f1xx_hal_uart.o
    0x08003944   0x08003944   0x00000004   Code   RO          368    i.HardFault_Handler  stm32f1xx_it.o
    0x08003948   0x08003948   0x0000005c   Code   RO          203    i.MX_ADC1_Init      main.o
    0x080039a4   0x080039a4   0x00000034   Code   RO          204    i.MX_DMA_Init       main.o
    0x080039d8   0x080039d8   0x00000110   Code   RO          205    i.MX_GPIO_Init      main.o
    0x08003ae8   0x08003ae8   0x00000070   Code   RO          206    i.MX_TIM1_Init      main.o
    0x08003b58   0x08003b58   0x0000006c   Code   RO          207    i.MX_TIM2_Init      main.o
    0x08003bc4   0x08003bc4   0x00000038   Code   RO          208    i.MX_USART1_UART_Init  main.o
    0x08003bfc   0x08003bfc   0x00000004   Code   RO          369    i.MemManage_Handler  stm32f1xx_it.o
    0x08003c00   0x08003c00   0x00000004   Code   RO          370    i.NMI_Handler       stm32f1xx_it.o
    0x08003c04   0x08003c04   0x00000002   Code   RO          371    i.PendSV_Handler    stm32f1xx_it.o
    0x08003c06   0x08003c06   0x00000002   PAD
    0x08003c08   0x08003c08   0x00000028   Code   RO         1064    i.RCC_Delay         stm32f1xx_hal_rcc.o
    0x08003c30   0x08003c30   0x00000002   Code   RO          372    i.SVC_Handler       stm32f1xx_it.o
    0x08003c32   0x08003c32   0x00000008   Code   RO          373    i.SysTick_Handler   stm32f1xx_it.o
    0x08003c3a   0x08003c3a   0x0000006e   Code   RO          209    i.SystemClock_Config  main.o
    0x08003ca8   0x08003ca8   0x00000002   Code   RO         3234    i.SystemInit        system_stm32f1xx.o
    0x08003caa   0x08003caa   0x00000002   PAD
    0x08003cac   0x08003cac   0x00000010   Code   RO          374    i.TIM1_BRK_IRQHandler  stm32f1xx_it.o
    0x08003cbc   0x08003cbc   0x00000010   Code   RO          375    i.TIM1_CC_IRQHandler  stm32f1xx_it.o
    0x08003ccc   0x08003ccc   0x00000010   Code   RO          376    i.TIM1_TRG_COM_IRQHandler  stm32f1xx_it.o
    0x08003cdc   0x08003cdc   0x00000010   Code   RO          377    i.TIM1_UP_IRQHandler  stm32f1xx_it.o
    0x08003cec   0x08003cec   0x00000010   Code   RO          378    i.TIM2_IRQHandler   stm32f1xx_it.o
    0x08003cfc   0x08003cfc   0x00000064   Code   RO         1977    i.TIM_Base_SetConfig  stm32f1xx_hal_tim.o
    0x08003d60   0x08003d60   0x00000016   Code   RO         1988    i.TIM_ETR_SetConfig  stm32f1xx_hal_tim.o
    0x08003d76   0x08003d76   0x00000012   Code   RO         1989    i.TIM_ITRx_SetConfig  stm32f1xx_hal_tim.o
    0x08003d88   0x08003d88   0x00000026   Code   RO         1995    i.TIM_TI1_ConfigInputStage  stm32f1xx_hal_tim.o
    0x08003dae   0x08003dae   0x00000028   Code   RO         1997    i.TIM_TI2_ConfigInputStage  stm32f1xx_hal_tim.o
    0x08003dd6   0x08003dd6   0x00000014   Code   RO         2908    i.UART_DMAAbortOnError  stm32f1xx_hal_uart.o
    0x08003dea   0x08003dea   0x00000036   Code   RO         2918    i.UART_EndRxTransfer  stm32f1xx_hal_uart.o
    0x08003e20   0x08003e20   0x00000020   Code   RO         2919    i.UART_EndTransmit_IT  stm32f1xx_hal_uart.o
    0x08003e40   0x08003e40   0x000000e4   Code   RO         2921    i.UART_Receive_IT   stm32f1xx_hal_uart.o
    0x08003f24   0x08003f24   0x000000fc   Code   RO         2922    i.UART_SetConfig    stm32f1xx_hal_uart.o
    0x08004020   0x08004020   0x00000046   Code   RO         2924    i.UART_Start_Receive_IT  stm32f1xx_hal_uart.o
    0x08004066   0x08004066   0x00000060   Code   RO         2925    i.UART_Transmit_IT  stm32f1xx_hal_uart.o
    0x080040c6   0x080040c6   0x0000006c   Code   RO         2926    i.UART_WaitOnFlagUntilTimeout  stm32f1xx_hal_uart.o
    0x08004132   0x08004132   0x00000002   PAD
    0x08004134   0x08004134   0x00000010   Code   RO          379    i.USART1_IRQHandler  stm32f1xx_it.o
    0x08004144   0x08004144   0x00000004   Code   RO          380    i.UsageFault_Handler  stm32f1xx_it.o
    0x08004148   0x08004148   0x00000028   Code   RO         3405    i.__ARM_fpclassify  m_ws.l(fpclassify.o)
    0x08004170   0x08004170   0x00000010   Code   RO         1369    i.__NVIC_GetPriorityGrouping  stm32f1xx_hal_cortex.o
    0x08004180   0x08004180   0x00000028   Code   RO         1370    i.__NVIC_SetPriority  stm32f1xx_hal_cortex.o
    0x080041a8   0x080041a8   0x00000020   Code   RO          210    i.close_door        main.o
    0x080041c8   0x080041c8   0x0000001c   Code   RO          211    i.delay_us          main.o
    0x080041e4   0x080041e4   0x00000024   Code   RO          212    i.find_arrival_target  main.o
    0x08004208   0x08004208   0x0000008c   Code   RO          213    i.init_system       main.o
    0x08004294   0x08004294   0x00000150   Code   RO           15    i.lcd_char_cp       lcd.o
    0x080043e4   0x080043e4   0x0000014c   Code   RO           17    i.lcd_cmd           lcd.o
    0x08004530   0x08004530   0x0000000c   Code   RO           18    i.lcd_delay         lcd.o
    0x0800453c   0x0800453c   0x00000026   Code   RO           19    i.lcd_gotoxy        lcd.o
    0x08004562   0x08004562   0x00000060   Code   RO           20    i.lcd_init          lcd.o
    0x080045c2   0x080045c2   0x0000001e   Code   RO           23    i.lcd_out_cp        lcd.o
    0x080045e0   0x080045e0   0x00000018   Code   RO           24    i.lcd_print         lcd.o
    0x080045f8   0x080045f8   0x0000025c   Code   RO          214    i.main              main.o
    0x08004854   0x08004854   0x00000020   Code   RO          215    i.open_door         main.o
    0x08004874   0x08004874   0x00000048   Code   RO          216    i.run_buzzer        main.o
    0x080048bc   0x080048bc   0x00000060   Code   RO          217    i.run_door_logic    main.o
    0x0800491c   0x0800491c   0x00000114   Code   RO          218    i.run_floor_logic   main.o
    0x08004a30   0x08004a30   0x0000005c   Code   RO          219    i.run_smart_movement_algorithm  main.o
    0x08004a8c   0x08004a8c   0x00000094   Code   RO          220    i.sensor_read       main.o
    0x08004b20   0x08004b20   0x0000013c   Code   RO          221    i.update_floor      main.o
    0x08004c5c   0x08004c5c   0x00000094   Code   RO          222    i.update_up_down    main.o
    0x08004cf0   0x08004cf0   0x0000002c   Code   RO         3401    locale$$code        c_w.l(lc_numeric_c.o)
    0x08004d1c   0x08004d1c   0x00000062   Code   RO         3308    x$fpl$d2f           fz_ws.l(d2f.o)
    0x08004d7e   0x08004d7e   0x00000002   PAD
    0x08004d80   0x08004d80   0x00000154   Code   RO         3310    x$fpl$dmul          fz_ws.l(dmul.o)
    0x08004ed4   0x08004ed4   0x0000009c   Code   RO         3338    x$fpl$dnaninf       fz_ws.l(dnaninf.o)
    0x08004f70   0x08004f70   0x0000000c   Code   RO         3340    x$fpl$dretinf       fz_ws.l(dretinf.o)
    0x08004f7c   0x08004f7c   0x00000056   Code   RO         3312    x$fpl$f2d           fz_ws.l(f2d.o)
    0x08004fd2   0x08004fd2   0x00000018   Code   RO         3342    x$fpl$fcmpinf       fz_ws.l(fcmpi.o)
    0x08004fea   0x08004fea   0x00000002   PAD
    0x08004fec   0x08004fec   0x00000068   Code   RO         3314    x$fpl$feqf          fz_ws.l(feqf.o)
    0x08005054   0x08005054   0x00000026   Code   RO         3316    x$fpl$ffltu         fz_ws.l(fflt_clz.o)
    0x0800507a   0x0800507a   0x00000002   PAD
    0x0800507c   0x0800507c   0x00000068   Code   RO         3322    x$fpl$fleqf         fz_ws.l(fleqf.o)
    0x080050e4   0x080050e4   0x0000008c   Code   RO         3344    x$fpl$fnaninf       fz_ws.l(fnaninf.o)
    0x08005170   0x08005170   0x0000000a   Code   RO         3346    x$fpl$fretinf       fz_ws.l(fretinf.o)
    0x0800517a   0x0800517a   0x00000062   Code   RO         3324    x$fpl$frleqf        fz_ws.l(frleqf.o)
    0x080051dc   0x080051dc   0x00000004   Code   RO         3326    x$fpl$printf1       fz_ws.l(printf1.o)
    0x080051e0   0x080051e0   0x00000000   Code   RO         3348    x$fpl$usenofp       fz_ws.l(usenofp.o)
    0x080051e0   0x080051e0   0x00000018   Data   RO         3235    .constdata          system_stm32f1xx.o
    0x080051f8   0x080051f8   0x00000094   Data   RO         3376    .constdata          c_w.l(bigflt0.o)
    0x0800528c   0x0800528c   0x000000e1   Data   RO          224    .conststring        main.o
    0x0800536d   0x0800536d   0x00000003   PAD
    0x08005370   0x08005370   0x00000020   Data   RO         3548    Region$$Table       anon$$obj.o
    0x08005390   0x08005390   0x0000001c   Data   RO         3400    locale$$data        c_w.l(lc_numeric_c.o)


    Execution Region RW_IRAM1 (Exec base: 0x20000000, Load base: 0x080053ac, Size: 0x000009f8, Max: 0x00002800, ABSOLUTE)

    Exec Addr    Load Addr    Size         Type   Attr      Idx    E Section Name        Object

    0x20000000   0x080053ac   0x00000030   Data   RW          225    .data               main.o
    0x20000030   0x080053dc   0x00000009   Data   RW          901    .data               stm32f1xx_hal.o
    0x20000039   0x080053e5   0x00000003   PAD
    0x2000003c   0x080053e8   0x00000004   Data   RW         3236    .data               system_stm32f1xx.o
    0x20000040        -       0x00000352   Zero   RW          223    .bss                main.o
    0x20000392   0x080053ec   0x00000002   PAD
    0x20000394        -       0x00000060   Zero   RW         3408    .bss                c_w.l(libspace.o)
    0x200003f4   0x080053ec   0x00000004   PAD
    0x200003f8        -       0x00000200   Zero   RW            2    HEAP                startup_stm32f103x6.o
    0x200005f8        -       0x00000400   Zero   RW            1    STACK               startup_stm32f103x6.o


==============================================================================

Image component sizes


      Code (inc. data)   RO Data    RW Data    ZI Data      Debug   Object Name

       878         10          0          0          0     443141   lcd.o
      2904        526        225         48        850      12977   main.o
        64         26        236          0       1536        804   startup_stm32f103x6.o
       192         36          0          9          0       5473   stm32f1xx_hal.o
      2036         66          0          0          0      10353   stm32f1xx_hal_adc.o
       282          4          0          0          0       1999   stm32f1xx_hal_adc_ex.o
       304         22          0          0          0      29351   stm32f1xx_hal_cortex.o
       978         12          0          0          0       4802   stm32f1xx_hal_dma.o
       836         34          0          0          0       3866   stm32f1xx_hal_gpio.o
       592         50          0          0          0       2958   stm32f1xx_hal_msp.o
      1784        110          0          0          0       5936   stm32f1xx_hal_rcc.o
       584         46          0          0          0       2377   stm32f1xx_hal_rcc_ex.o
      1106         18          0          0          0       9031   stm32f1xx_hal_tim.o
       124         10          0          0          0       2353   stm32f1xx_hal_tim_ex.o
      1844         10          0          0          0      11108   stm32f1xx_hal_uart.o
       370         82          0          0          0       9362   stm32f1xx_it.o
         2          0         24          4          0       1071   system_stm32f1xx.o

    ----------------------------------------------------------------------
     14904       1062        520         64       2388     556962   Object Totals
         0          0         32          0          0          0   (incl. Generated)
        24          0          3          3          2          0   (incl. Padding)

    ----------------------------------------------------------------------

      Code (inc. data)   RO Data    RW Data    ZI Data      Debug   Library Member Name

        44          6          0          0          0         84   __2sprintf.o
         8          0          0          0          0         68   __main.o
       104          0          0          0          0         84   __printf.o
         0          0          0          0          0          0   __rtentry.o
        12          0          0          0          0          0   __rtentry2.o
         6          0          0          0          0          0   __rtentry4.o
        52          8          0          0          0          0   __scatter.o
        26          0          0          0          0          0   __scatter_copy.o
        28          0          0          0          0          0   __scatter_zi.o
        48          6          0          0          0         96   _printf_char_common.o
         6          0          0          0          0          0   _printf_d.o
       120         16          0          0          0         92   _printf_dec.o
         6          0          0          0          0          0   _printf_f.o
      1054          0          0          0          0        216   _printf_fp_dec.o
       128         16          0          0          0         84   _printf_fp_infnan.o
       178          0          0          0          0         88   _printf_intcommon.o
         0          0          0          0          0          0   _printf_percent.o
         4          0          0          0          0          0   _printf_percent_end.o
        10          0          0          0          0         68   _sputc.o
       228          4        148          0          0         96   bigflt0.o
      1936        128          0          0          0        672   btod.o
        18          0          0          0          0         80   exit.o
         6          0          0          0          0        152   heapauxi.o
         0          0          0          0          0          0   indicate_semi.o
        44         10         28          0          0         76   lc_numeric_c.o
         2          0          0          0          0          0   libinit.o
        18          0          0          0          0          0   libinit2.o
         2          0          0          0          0          0   libshutdown.o
         2          0          0          0          0          0   libshutdown2.o
         8          4          0          0         96         68   libspace.o
       138          0          0          0          0         80   lludiv10.o
         8          4          0          0          0         68   rt_locale_intlibspace.o
        78          0          0          0          0         80   rt_memclr_w.o
         2          0          0          0          0          0   rtexit.o
        10          0          0          0          0          0   rtexit2.o
       128          0          0          0          0         68   strcmpv7m.o
        12          4          0          0          0         68   sys_exit.o
        74          0          0          0          0         80   sys_stackheap_outer.o
         2          0          0          0          0         68   use_no_semi.o
        98          4          0          0          0         92   d2f.o
       340         12          0          0          0        104   dmul.o
       156          4          0          0          0         92   dnaninf.o
        12          0          0          0          0         68   dretinf.o
        86          4          0          0          0         84   f2d.o
        24          0          0          0          0         68   fcmpi.o
       104          4          0          0          0         84   feqf.o
        38          0          0          0          0         68   fflt_clz.o
       104          4          0          0          0         84   fleqf.o
       140          4          0          0          0         84   fnaninf.o
        10          0          0          0          0         68   fretinf.o
        98          0          0          0          0         68   frleqf.o
         4          0          0          0          0         68   printf1.o
         0          0          0          0          0          0   usenofp.o
        40          0          0          0          0         68   fpclassify.o

    ----------------------------------------------------------------------
      5820        242        176          0        100       3636   Library Totals
        16          0          0          0          4          0   (incl. Padding)

    ----------------------------------------------------------------------

      Code (inc. data)   RO Data    RW Data    ZI Data      Debug   Library Name

      4550        206        176          0         96       2536   c_w.l
      1214         36          0          0          0       1032   fz_ws.l
        40          0          0          0          0         68   m_ws.l

    ----------------------------------------------------------------------
      5820        242        176          0        100       3636   Library Totals

    ----------------------------------------------------------------------

==============================================================================


      Code (inc. data)   RO Data    RW Data    ZI Data      Debug   

     20724       1304        696         64       2488     551962   Grand Totals
     20724       1304        696         64       2488     551962   ELF Image Totals
     20724       1304        696         64          0          0   ROM Totals

==============================================================================

    Total RO  Size (Code + RO Data)                21420 (  20.92kB)
    Total RW  Size (RW Data + ZI Data)              2552 (   2.49kB)
    Total ROM Size (Code + RO Data + RW Data)      21484 (  20.98kB)

==============================================================================

